Archive member included to satisfy reference by file (symbol)

C:/Users/ppscarvalho/.pico-sdk/toolchain/13_3_Rel1/bin/../lib/gcc/arm-none-eabi/13.3.1/thumb/v6-m/nofp\libgcc.a(_dvmd_tls.o)
                              CMakeFiles/ADC_DisplayC.dir/C_/Users/ppscarvalho/.pico-sdk/sdk/2.1.0/src/rp2_common/pico_divider/divider_hardware.S.obj (__aeabi_idiv0)
C:/Users/ppscarvalho/.pico-sdk/toolchain/13_3_Rel1/bin/../lib/gcc/arm-none-eabi/13.3.1/thumb/v6-m/nofp\libg.a(libc_a-calloc.o)
                              CMakeFiles/ADC_DisplayC.dir/C_/Users/ppscarvalho/.pico-sdk/sdk/2.1.0/src/rp2_common/pico_malloc/malloc.c.obj (calloc)
C:/Users/ppscarvalho/.pico-sdk/toolchain/13_3_Rel1/bin/../lib/gcc/arm-none-eabi/13.3.1/thumb/v6-m/nofp\libg.a(libc_a-callocr.o)
                              C:/Users/ppscarvalho/.pico-sdk/toolchain/13_3_Rel1/bin/../lib/gcc/arm-none-eabi/13.3.1/thumb/v6-m/nofp\libg.a(libc_a-calloc.o) (_calloc_r)
C:/Users/ppscarvalho/.pico-sdk/toolchain/13_3_Rel1/bin/../lib/gcc/arm-none-eabi/13.3.1/thumb/v6-m/nofp\libg.a(libc_a-malloc.o)
                              CMakeFiles/ADC_DisplayC.dir/C_/Users/ppscarvalho/.pico-sdk/sdk/2.1.0/src/rp2_common/pico_malloc/malloc.c.obj (malloc)
C:/Users/ppscarvalho/.pico-sdk/toolchain/13_3_Rel1/bin/../lib/gcc/arm-none-eabi/13.3.1/thumb/v6-m/nofp\libg.a(libc_a-mallocr.o)
                              C:/Users/ppscarvalho/.pico-sdk/toolchain/13_3_Rel1/bin/../lib/gcc/arm-none-eabi/13.3.1/thumb/v6-m/nofp\libg.a(libc_a-callocr.o) (_malloc_r)
C:/Users/ppscarvalho/.pico-sdk/toolchain/13_3_Rel1/bin/../lib/gcc/arm-none-eabi/13.3.1/thumb/v6-m/nofp\libg.a(libc_a-mlock.o)
                              C:/Users/ppscarvalho/.pico-sdk/toolchain/13_3_Rel1/bin/../lib/gcc/arm-none-eabi/13.3.1/thumb/v6-m/nofp\libg.a(libc_a-mallocr.o) (__malloc_lock)
C:/Users/ppscarvalho/.pico-sdk/toolchain/13_3_Rel1/bin/../lib/gcc/arm-none-eabi/13.3.1/thumb/v6-m/nofp\libg.a(libc_a-realloc.o)
                              CMakeFiles/ADC_DisplayC.dir/C_/Users/ppscarvalho/.pico-sdk/sdk/2.1.0/src/rp2_common/pico_malloc/malloc.c.obj (realloc)
C:/Users/ppscarvalho/.pico-sdk/toolchain/13_3_Rel1/bin/../lib/gcc/arm-none-eabi/13.3.1/thumb/v6-m/nofp\libg.a(libc_a-reallocr.o)
                              C:/Users/ppscarvalho/.pico-sdk/toolchain/13_3_Rel1/bin/../lib/gcc/arm-none-eabi/13.3.1/thumb/v6-m/nofp\libg.a(libc_a-realloc.o) (_realloc_r)
C:/Users/ppscarvalho/.pico-sdk/toolchain/13_3_Rel1/bin/../lib/gcc/arm-none-eabi/13.3.1/thumb/v6-m/nofp\libg.a(libc_a-memcmp.o)
                              CMakeFiles/ADC_DisplayC.dir/C_/Users/ppscarvalho/.pico-sdk/sdk/2.1.0/src/rp2_common/pico_atomic/atomic.c.obj (memcmp)
C:/Users/ppscarvalho/.pico-sdk/toolchain/13_3_Rel1/bin/../lib/gcc/arm-none-eabi/13.3.1/thumb/v6-m/nofp\libg.a(libc_a-memmove.o)
                              C:/Users/ppscarvalho/.pico-sdk/toolchain/13_3_Rel1/bin/../lib/gcc/arm-none-eabi/13.3.1/thumb/v6-m/nofp\libg.a(libc_a-reallocr.o) (memmove)
C:/Users/ppscarvalho/.pico-sdk/toolchain/13_3_Rel1/bin/../lib/gcc/arm-none-eabi/13.3.1/thumb/v6-m/nofp\libg.a(libc_a-lcltime_r.o)
                              CMakeFiles/ADC_DisplayC.dir/C_/Users/ppscarvalho/.pico-sdk/sdk/2.1.0/src/common/pico_util/datetime.c.obj (localtime_r)
C:/Users/ppscarvalho/.pico-sdk/toolchain/13_3_Rel1/bin/../lib/gcc/arm-none-eabi/13.3.1/thumb/v6-m/nofp\libg.a(libc_a-mktime.o)
                              CMakeFiles/ADC_DisplayC.dir/C_/Users/ppscarvalho/.pico-sdk/sdk/2.1.0/src/common/pico_util/datetime.c.obj (mktime)
C:/Users/ppscarvalho/.pico-sdk/toolchain/13_3_Rel1/bin/../lib/gcc/arm-none-eabi/13.3.1/thumb/v6-m/nofp\libg.a(libc_a-month_lengths.o)
                              C:/Users/ppscarvalho/.pico-sdk/toolchain/13_3_Rel1/bin/../lib/gcc/arm-none-eabi/13.3.1/thumb/v6-m/nofp\libg.a(libc_a-lcltime_r.o) (__month_lengths)
C:/Users/ppscarvalho/.pico-sdk/toolchain/13_3_Rel1/bin/../lib/gcc/arm-none-eabi/13.3.1/thumb/v6-m/nofp\libg.a(libc_a-tzcalc_limits.o)
                              C:/Users/ppscarvalho/.pico-sdk/toolchain/13_3_Rel1/bin/../lib/gcc/arm-none-eabi/13.3.1/thumb/v6-m/nofp\libg.a(libc_a-lcltime_r.o) (__tzcalc_limits)
C:/Users/ppscarvalho/.pico-sdk/toolchain/13_3_Rel1/bin/../lib/gcc/arm-none-eabi/13.3.1/thumb/v6-m/nofp\libg.a(libc_a-tzlock.o)
                              C:/Users/ppscarvalho/.pico-sdk/toolchain/13_3_Rel1/bin/../lib/gcc/arm-none-eabi/13.3.1/thumb/v6-m/nofp\libg.a(libc_a-lcltime_r.o) (__tz_lock)
C:/Users/ppscarvalho/.pico-sdk/toolchain/13_3_Rel1/bin/../lib/gcc/arm-none-eabi/13.3.1/thumb/v6-m/nofp\libg.a(libc_a-tzset.o)
                              C:/Users/ppscarvalho/.pico-sdk/toolchain/13_3_Rel1/bin/../lib/gcc/arm-none-eabi/13.3.1/thumb/v6-m/nofp\libg.a(libc_a-lcltime_r.o) (_tzset_unlocked)
C:/Users/ppscarvalho/.pico-sdk/toolchain/13_3_Rel1/bin/../lib/gcc/arm-none-eabi/13.3.1/thumb/v6-m/nofp\libg.a(libc_a-tzset_r.o)
[...]
Memory Configuration

Name             Origin             Length             Attributes
FLASH            0x10000000         0x00200000         xr
RAM              0x20000000         0x00040000         xrw
SCRATCH_X        0x20040000         0x00001000         xrw
SCRATCH_Y        0x20041000         0x00001000         xrw
*default*        0x00000000         0xffffffff

Linker script and memory map

LOAD C:/Users/ppscarvalho/.pico-sdk/toolchain/13_3_Rel1/bin/../lib/gcc/arm-none-eabi/13.3.1/thumb/v6-m/nofp/crti.o
LOAD C:/Users/ppscarvalho/.pico-sdk/toolchain/13_3_Rel1/bin/../lib/gcc/arm-none-eabi/13.3.1/thumb/v6-m/nofp/crtbegin.o
LOAD C:/Users/ppscarvalho/.pico-sdk/toolchain/13_3_Rel1/bin/../lib/gcc/arm-none-eabi/13.3.1/thumb/v6-m/nofp/crt0.o

.flash_begin    0x10000000        0x0
                0x10000000                        __flash_binary_start = .

.boot2          0x10000000      0x100
                0x10000000                        __boot2_start__ = .
 *(.boot2)
 .boot2         0x10000000      0x100 pico-sdk/src/rp2040/boot_stage2/CMakeFiles/bs2_default_library.dir/./bs2_default_padded_checksummed.S.obj
                0x10000100                        __boot2_end__ = .
                0x00000001                        ASSERT (((__boot2_end__ - __boot2_start__) == 0x100), ERROR: Pico second stage bootloader must be 256 bytes in size)

.text           0x10000100     0x6044
                0x10000100                        __logical_binary_start = .
 *(.vectors)
 .vectors       0x10000100       0xd4 CMakeFiles/ADC_DisplayC.dir/C_/Users/ppscarvalho/.pico-sdk/sdk/2.1.0/src/rp2_common/pico_crt0/crt0.S.obj
                0x10000100                __VECTOR_TABLE
                0x10000100                __vectors
                0x100001c0                isr_invalid
                0x100001c0                __default_isrs_start
                0x100001c2                isr_nmi
                0x100001c4                isr_hardfault
                0x100001c6                isr_svcall
                0x100001c8                isr_pendsv
                0x100001ca                isr_systick
                0x100001cc                isr_irq23
                0x100001cc                isr_irq18
                0x100001cc                isr_irq11
                0x100001cc                isr_irq28
                0x100001cc                isr_irq19
                0x100001cc                isr_irq0
                0x100001cc                isr_irq6
                0x100001cc                isr_irq5
                0x100001cc                isr_irq12
                0x100001cc                isr_irq22
                0x100001cc                isr_irq31
                0x100001cc                isr_irq17
                0x100001cc                isr_irq27
                0x100001cc                isr_irq30
                0x100001cc                isr_irq2
                0x100001cc                isr_irq10
                0x100001cc                isr_irq8
                0x100001cc                isr_irq24
                0x100001cc                isr_irq1
                0x100001cc                isr_irq7
                0x100001cc                isr_irq21
                0x100001cc                isr_irq20
                0x100001cc                isr_irq15
                0x100001cc                isr_irq25
                0x100001cc                isr_irq13
                0x100001cc                __unhandled_user_irq
                0x100001cc                isr_irq4
                0x100001cc                isr_irq16
                0x100001cc                isr_irq29
                0x100001cc                isr_irq26
                0x100001cc                __default_isrs_end
                0x100001cc                isr_irq3
                0x100001cc                isr_irq14
                0x100001cc                isr_irq9
                0x100001d2                unhandled_user_irq_num_in_r0
 *(.binary_info_header)
 .binary_info_header
                0x100001d4       0x14 CMakeFiles/ADC_DisplayC.dir/C_/Users/ppscarvalho/.pico-sdk/sdk/2.1.0/src/rp2_common/pico_crt0/crt0.S.obj
                0x100001e8                        __binary_info_header_end = .
 *(.embedded_block)
                0x100001e8                        __embedded_block_end = .
 *(.reset)
 .reset         0x100001e8       0x9c CMakeFiles/ADC_DisplayC.dir/C_/Users/ppscarvalho/.pico-sdk/sdk/2.1.0/src/rp2_common/pico_crt0/crt0.S.obj
                0x100001e8                _entry_point
 *(.init)
 .init          0x10000284        0x4 C:/Users/ppscarvalho/.pico-sdk/toolchain/13_3_Rel1/bin/../lib/gcc/arm-none-eabi/13.3.1/thumb/v6-m/nofp/crti.o
                0x10000284                _init
 *(EXCLUDE_FILE(*libm.a: *libc.a:*lib_a-mem*.o *libgcc.a:) .text*)
 .text.register_tm_clones
                0x10000288       0x28 C:/Users/ppscarvalho/.pico-sdk/toolchain/13_3_Rel1/bin/../lib/gcc/arm-none-eabi/13.3.1/thumb/v6-m/nofp/crtbegin.o
 .text.frame_dummy
                0x100002b0       0x24 C:/Users/ppscarvalho/.pico-sdk/toolchain/13_3_Rel1/bin/../lib/gcc/arm-none-eabi/13.3.1/thumb/v6-m/nofp/crtbegin.o
 .text.adc_gpio_init
                0x100002d4       0x20 CMakeFiles/ADC_DisplayC.dir/ADC_DisplayC.c.obj
 .text.startup.main
                0x100002f4      0x40c CMakeFiles/ADC_DisplayC.dir/ADC_DisplayC.c.obj
                0x100002f4                main
 .text.ssd1306_init
                0x10000700       0x34 CMakeFiles/ADC_DisplayC.dir/lib/ssd1306.c.obj
                0x10000700                ssd1306_init
 .text.ssd1306_config
                0x10000734      0x1d0 CMakeFiles/ADC_DisplayC.dir/lib/ssd1306.c.obj
                0x10000734                ssd1306_config
 .text.ssd1306_send_data
                0x10000904       0x8c CMakeFiles/ADC_DisplayC.dir/lib/ssd1306.c.obj
                0x10000904                ssd1306_send_data
 .text.ssd1306_fill
                0x10000990       0x80 CMakeFiles/ADC_DisplayC.dir/lib/ssd1306.c.obj
                0x10000990                ssd1306_fill
 .text.ssd1306_rect
                0x10000a10      0x28c CMakeFiles/ADC_DisplayC.dir/lib/ssd1306.c.obj
                0x10000a10                ssd1306_rect
 .text.ssd1306_line
                0x10000c9c      0x158 CMakeFiles/ADC_DisplayC.dir/lib/ssd1306.c.obj
                0x10000c9c                ssd1306_line
 .text.gpio_set_function
                0x10000df4       0x34 CMakeFiles/ADC_DisplayC.dir/C_/Users/ppscarvalho/.pico-sdk/sdk/2.1.0/src/rp2_common/hardware_gpio/gpio.c.obj
                0x10000df4                gpio_set_function
 .text.gpio_set_pulls
                0x10000e28       0x28 CMakeFiles/ADC_DisplayC.dir/C_/Users/ppscarvalho/.pico-sdk/sdk/2.1.0/src/rp2_common/hardware_gpio/gpio.c.obj
                0x10000e28                gpio_set_pulls
 .text.gpio_set_input_enabled
                0x10000e50       0x28 CMakeFiles/ADC_DisplayC.dir/C_/Users/ppscarvalho/.pico-sdk/sdk/2.1.0/src/rp2_common/hardware_gpio/gpio.c.obj
                0x10000e50                gpio_set_input_enabled
 .text.gpio_init
                0x10000e78       0x40 CMakeFiles/ADC_DisplayC.dir/C_/Users/ppscarvalho/.pico-sdk/sdk/2.1.0/src/rp2_common/hardware_gpio/gpio.c.obj
                0x10000e78                gpio_init
 .text.rp2040_chip_version
                0x10000eb8        0xc CMakeFiles/ADC_DisplayC.dir/C_/Users/ppscarvalho/.pico-sdk/sdk/2.1.0/src/rp2040/pico_platform/platform.c.obj
                0x10000eb8                rp2040_chip_version
 .text.panic    0x10000ec4       0x30 CMakeFiles/ADC_DisplayC.dir/C_/Users/ppscarvalho/.pico-sdk/sdk/2.1.0/src/rp2_common/pico_platform_panic/panic.c.obj
                0x10000ec4                panic
 .text.hw_claim_or_assert
                0x10000ef4       0x44 CMakeFiles/ADC_DisplayC.dir/C_/Users/ppscarvalho/.pico-sdk/sdk/2.1.0/src/common/hardware_claim/claim.c.obj
                0x10000ef4                hw_claim_or_assert
 .text.hw_claim_unused_from_range
                0x10000f38       0x9c CMakeFiles/ADC_DisplayC.dir/C_/Users/ppscarvalho/.pico-sdk/sdk/2.1.0/src/common/hardware_claim/claim.c.obj
                0x10000f38                hw_claim_unused_from_range
 .text.next_striped_spin_lock_num
                0x10000fd4       0x18 CMakeFiles/ADC_DisplayC.dir/C_/Users/ppscarvalho/.pico-sdk/sdk/2.1.0/src/rp2_common/hardware_sync/sync.c.obj
                0x10000fd4                next_striped_spin_lock_num
 .text.spin_lock_claim_unused
                0x10000fec       0x24 CMakeFiles/ADC_DisplayC.dir/C_/Users/ppscarvalho/.pico-sdk/sdk/2.1.0/src/rp2_common/hardware_sync/sync.c.obj
                0x10000fec                spin_lock_claim_unused
 .text.spin_locks_reset
                0x10001010       0x1c CMakeFiles/ADC_DisplayC.dir/C_/Users/ppscarvalho/.pico-sdk/sdk/2.1.0/src/rp2_common/hardware_sync_spin_lock/sync_spin_lock.c.obj
                0x10001010                spin_locks_reset
 .text.runtime_init_per_core_irq_priorities
                0x1000102c       0x24 CMakeFiles/ADC_DisplayC.dir/C_/Users/ppscarvalho/.pico-sdk/sdk/2.1.0/src/rp2_common/hardware_irq/irq.c.obj
                0x1000102c                runtime_init_per_core_irq_priorities
 .text.irq_set_enabled
                0x10001050       0x24 CMakeFiles/ADC_DisplayC.dir/C_/Users/ppscarvalho/.pico-sdk/sdk/2.1.0/src/rp2_common/hardware_irq/irq.c.obj
                0x10001050                irq_set_enabled
 .text.irq_is_enabled
                0x10001074       0x18 CMakeFiles/ADC_DisplayC.dir/C_/Users/ppscarvalho/.pico-sdk/sdk/2.1.0/src/rp2_common/hardware_irq/irq.c.obj
                0x10001074                irq_is_enabled
 .text.irq_set_pending
                0x1000108c       0x10 CMakeFiles/ADC_DisplayC.dir/C_/Users/ppscarvalho/.pico-sdk/sdk/2.1.0/src/rp2_common/hardware_irq/irq.c.obj
                0x1000108c                irq_set_pending
 .text.irq_has_shared_handler
                0x1000109c       0x2c CMakeFiles/ADC_DisplayC.dir/C_/Users/ppscarvalho/.pico-sdk/sdk/2.1.0/src/rp2_common/hardware_irq/irq.c.obj
                0x1000109c                irq_has_shared_handler
 .text.irq_set_exclusive_handler
                0x100010c8       0x54 CMakeFiles/ADC_DisplayC.dir/C_/Users/ppscarvalho/.pico-sdk/sdk/2.1.0/src/rp2_common/hardware_irq/irq.c.obj
                0x100010c8                irq_set_exclusive_handler
 .text.irq_add_shared_handler
                0x1000111c      0x1f4 CMakeFiles/ADC_DisplayC.dir/C_/Users/ppscarvalho/.pico-sdk/sdk/2.1.0/src/rp2_common/hardware_irq/irq.c.obj
                0x1000111c                irq_add_shared_handler
 .text.irq_add_tail_to_free_list
                0x10001310       0xb4 CMakeFiles/ADC_DisplayC.dir/C_/Users/ppscarvalho/.pico-sdk/sdk/2.1.0/src/rp2_common/hardware_irq/irq.c.obj
                0x10001310                irq_add_tail_to_free_list
 .text.user_irq_claim_unused
                0x100013c4       0x2c CMakeFiles/ADC_DisplayC.dir/C_/Users/ppscarvalho/.pico-sdk/sdk/2.1.0/src/rp2_common/hardware_irq/irq.c.obj
                0x100013c4                user_irq_claim_unused
 .text.lock_init
                0x100013f0       0x10 CMakeFiles/ADC_DisplayC.dir/C_/Users/ppscarvalho/.pico-sdk/sdk/2.1.0/src/common/pico_sync/lock_core.c.obj
                0x100013f0                lock_init
 .text.runtime_init_mutex
                0x10001400       0x50 CMakeFiles/ADC_DisplayC.dir/C_/Users/ppscarvalho/.pico-sdk/sdk/2.1.0/src/common/pico_sync/mutex.c.obj
                0x10001400                runtime_init_mutex
 .text.mutex_init
                0x10001450       0x1c CMakeFiles/ADC_DisplayC.dir/C_/Users/ppscarvalho/.pico-sdk/sdk/2.1.0/src/common/pico_sync/mutex.c.obj
                0x10001450                mutex_init
 .text.critical_section_init
                0x1000146c       0x1c CMakeFiles/ADC_DisplayC.dir/C_/Users/ppscarvalho/.pico-sdk/sdk/2.1.0/src/common/pico_sync/critical_section.c.obj
                0x1000146c                critical_section_init
 .text.critical_section_init_with_lock_num
                0x10001488       0x14 CMakeFiles/ADC_DisplayC.dir/C_/Users/ppscarvalho/.pico-sdk/sdk/2.1.0/src/common/pico_sync/critical_section.c.obj
                0x10001488                critical_section_init_with_lock_num
 .text.sleep_until_callback
                0x1000149c       0x30 CMakeFiles/ADC_DisplayC.dir/C_/Users/ppscarvalho/.pico-sdk/sdk/2.1.0/src/common/pico_time/time.c.obj
 .text.alarm_pool_irq_handler
                0x100014cc      0x2fc CMakeFiles/ADC_DisplayC.dir/C_/Users/ppscarvalho/.pico-sdk/sdk/2.1.0/src/common/pico_time/time.c.obj
 .text.runtime_init_default_alarm_pool
                0x100017c8       0xdc CMakeFiles/ADC_DisplayC.dir/C_/Users/ppscarvalho/.pico-sdk/sdk/2.1.0/src/common/pico_time/time.c.obj
                0x100017c8                runtime_init_default_alarm_pool
 .text.alarm_pool_get_default
                0x100018a4        0x8 CMakeFiles/ADC_DisplayC.dir/C_/Users/ppscarvalho/.pico-sdk/sdk/2.1.0/src/common/pico_time/time.c.obj
                0x100018a4                alarm_pool_get_default
 .text.alarm_pool_add_alarm_at
                0x100018ac       0xd4 CMakeFiles/ADC_DisplayC.dir/C_/Users/ppscarvalho/.pico-sdk/sdk/2.1.0/src/common/pico_time/time.c.obj
                0x100018ac                alarm_pool_add_alarm_at
 .text.alarm_pool_add_alarm_at_force_in_context
                0x10001980       0xb0 CMakeFiles/ADC_DisplayC.dir/C_/Users/ppscarvalho/.pico-sdk/sdk/2.1.0/src/common/pico_time/time.c.obj
                0x10001980                alarm_pool_add_alarm_at_force_in_context
 .text.alarm_pool_cancel_alarm
                0x10001a30       0x74 CMakeFiles/ADC_DisplayC.dir/C_/Users/ppscarvalho/.pico-sdk/sdk/2.1.0/src/common/pico_time/time.c.obj
                0x10001a30                alarm_pool_cancel_alarm
 .text.alarm_pool_core_num
                0x10001aa4        0x4 CMakeFiles/ADC_DisplayC.dir/C_/Users/ppscarvalho/.pico-sdk/sdk/2.1.0/src/common/pico_time/time.c.obj
                0x10001aa4                alarm_pool_core_num
 .text.sleep_until
                0x10001aa8       0xd8 CMakeFiles/ADC_DisplayC.dir/C_/Users/ppscarvalho/.pico-sdk/sdk/2.1.0/src/common/pico_time/time.c.obj
                0x10001aa8                sleep_until
 .text.sleep_ms
                0x10001b80       0x38 CMakeFiles/ADC_DisplayC.dir/C_/Users/ppscarvalho/.pico-sdk/sdk/2.1.0/src/common/pico_time/time.c.obj
                0x10001b80                sleep_ms
 .text.best_effort_wfe_or_timeout
                0x10001bb8       0xe0 CMakeFiles/ADC_DisplayC.dir/C_/Users/ppscarvalho/.pico-sdk/sdk/2.1.0/src/common/pico_time/time.c.obj
                0x10001bb8                best_effort_wfe_or_timeout
 .text.timer_hardware_alarm_claim
                0x10001c98       0x14 CMakeFiles/ADC_DisplayC.dir/C_/Users/ppscarvalho/.pico-sdk/sdk/2.1.0/src/rp2_common/hardware_timer/timer.c.obj
                0x10001c98                timer_hardware_alarm_claim
 .text.timer_time_us_64
                0x10001cac       0x10 CMakeFiles/ADC_DisplayC.dir/C_/Users/ppscarvalho/.pico-sdk/sdk/2.1.0/src/rp2_common/hardware_timer/timer.c.obj
                0x10001cac                timer_time_us_64
 .text.time_us_64
                0x10001cbc       0x14 CMakeFiles/ADC_DisplayC.dir/C_/Users/ppscarvalho/.pico-sdk/sdk/2.1.0/src/rp2_common/hardware_timer/timer.c.obj
                0x10001cbc                time_us_64
 .text.busy_wait_until
                0x10001cd0       0x20 CMakeFiles/ADC_DisplayC.dir/C_/Users/ppscarvalho/.pico-sdk/sdk/2.1.0/src/rp2_common/hardware_timer/timer.c.obj
                0x10001cd0                busy_wait_until
 .text.clock_configure_int_divider
                0x10001cf0       0xf4 CMakeFiles/ADC_DisplayC.dir/C_/Users/ppscarvalho/.pico-sdk/sdk/2.1.0/src/rp2_common/hardware_clocks/clocks.c.obj
                0x10001cf0                clock_configure_int_divider
 .text.clock_configure_undivided
                0x10001de4       0xe8 CMakeFiles/ADC_DisplayC.dir/C_/Users/ppscarvalho/.pico-sdk/sdk/2.1.0/src/rp2_common/hardware_clocks/clocks.c.obj
                0x10001de4                clock_configure_undivided
 .text.clock_get_hz
                0x10001ecc        0xc CMakeFiles/ADC_DisplayC.dir/C_/Users/ppscarvalho/.pico-sdk/sdk/2.1.0/src/rp2_common/hardware_clocks/clocks.c.obj
                0x10001ecc                clock_get_hz
 .text.pll_init
                0x10001ed8       0xa4 CMakeFiles/ADC_DisplayC.dir/C_/Users/ppscarvalho/.pico-sdk/sdk/2.1.0/src/rp2_common/hardware_pll/pll.c.obj
                0x10001ed8                pll_init
 .text.watchdog_reboot
                0x10001f7c       0x9c CMakeFiles/ADC_DisplayC.dir/C_/Users/ppscarvalho/.pico-sdk/sdk/2.1.0/src/rp2_common/hardware_watchdog/watchdog.c.obj
                0x10001f7c                watchdog_reboot
 .text.tick_start
                0x10002018       0x10 CMakeFiles/ADC_DisplayC.dir/C_/Users/ppscarvalho/.pico-sdk/sdk/2.1.0/src/rp2_common/hardware_ticks/ticks.c.obj
                0x10002018                tick_start
 .text.rom_func_lookup
                0x10002028       0x10 CMakeFiles/ADC_DisplayC.dir/C_/Users/ppscarvalho/.pico-sdk/sdk/2.1.0/src/rp2_common/pico_bootrom/bootrom.c.obj
                0x10002028                rom_func_lookup
 .text.rom_data_lookup
                0x10002038       0x10 CMakeFiles/ADC_DisplayC.dir/C_/Users/ppscarvalho/.pico-sdk/sdk/2.1.0/src/rp2_common/pico_bootrom/bootrom.c.obj
                0x10002038                rom_data_lookup
 .text.rom_funcs_lookup
                0x10002048       0x44 CMakeFiles/ADC_DisplayC.dir/C_/Users/ppscarvalho/.pico-sdk/sdk/2.1.0/src/rp2_common/pico_bootrom/bootrom.c.obj
                0x10002048                rom_funcs_lookup
 .text.rom_reset_usb_boot_extra
                0x1000208c       0x28 CMakeFiles/ADC_DisplayC.dir/C_/Users/ppscarvalho/.pico-sdk/sdk/2.1.0/src/rp2_common/pico_bootrom/bootrom.c.obj
                0x1000208c                rom_reset_usb_boot_extra
 .text.xosc_init
                0x100020b4       0x28 CMakeFiles/ADC_DisplayC.dir/C_/Users/ppscarvalho/.pico-sdk/sdk/2.1.0/src/rp2_common/hardware_xosc/xosc.c.obj
                0x100020b4                xosc_init
 .text.first_per_core_initializer
                0x100020dc        0x4 CMakeFiles/ADC_DisplayC.dir/C_/Users/ppscarvalho/.pico-sdk/sdk/2.1.0/src/rp2_common/pico_runtime/runtime.c.obj
 .text.hard_assertion_failure
                0x100020e0        0xc CMakeFiles/ADC_DisplayC.dir/C_/Users/ppscarvalho/.pico-sdk/sdk/2.1.0/src/rp2_common/pico_runtime/runtime.c.obj
                0x100020e0                hard_assertion_failure
 .text.runtime_run_initializers
                0x100020ec       0x28 CMakeFiles/ADC_DisplayC.dir/C_/Users/ppscarvalho/.pico-sdk/sdk/2.1.0/src/rp2_common/pico_runtime/runtime.c.obj
                0x100020ec                runtime_run_initializers
 .text.runtime_init_early_resets
                0x10002114       0x2c CMakeFiles/ADC_DisplayC.dir/C_/Users/ppscarvalho/.pico-sdk/sdk/2.1.0/src/rp2_common/pico_runtime_init/runtime_init.c.obj
                0x10002114                runtime_init_early_resets
 .text.runtime_init_usb_power_down
                0x10002140       0x1c CMakeFiles/ADC_DisplayC.dir/C_/Users/ppscarvalho/.pico-sdk/sdk/2.1.0/src/rp2_common/pico_runtime_init/runtime_init.c.obj
                0x10002140                runtime_init_usb_power_down
 .text.runtime_init_post_clock_resets
                0x1000215c       0x20 CMakeFiles/ADC_DisplayC.dir/C_/Users/ppscarvalho/.pico-sdk/sdk/2.1.0/src/rp2_common/pico_runtime_init/runtime_init.c.obj
                0x1000215c                runtime_init_post_clock_resets
 .text.runtime_init_rp2040_gpio_ie_disable
                0x1000217c       0x14 CMakeFiles/ADC_DisplayC.dir/C_/Users/ppscarvalho/.pico-sdk/sdk/2.1.0/src/rp2_common/pico_runtime_init/runtime_init.c.obj
                0x1000217c                runtime_init_rp2040_gpio_ie_disable
 .text.runtime_init_spin_locks_reset
                0x10002190        0x8 CMakeFiles/ADC_DisplayC.dir/C_/Users/ppscarvalho/.pico-sdk/sdk/2.1.0/src/rp2_common/pico_runtime_init/runtime_init.c.obj
                0x10002190                runtime_init_spin_locks_reset
 .text.runtime_init_install_ram_vector_table
                0x10002198       0x1c CMakeFiles/ADC_DisplayC.dir/C_/Users/ppscarvalho/.pico-sdk/sdk/2.1.0/src/rp2_common/pico_runtime_init/runtime_init.c.obj
                0x10002198                runtime_init_install_ram_vector_table
 .text.runtime_init_clocks
                0x100021b4       0xd8 CMakeFiles/ADC_DisplayC.dir/C_/Users/ppscarvalho/.pico-sdk/sdk/2.1.0/src/rp2_common/pico_runtime_init/runtime_init_clocks.c.obj
                0x100021b4                runtime_init_clocks
 .text          0x1000228c       0x10 CMakeFiles/ADC_DisplayC.dir/C_/Users/ppscarvalho/.pico-sdk/sdk/2.1.0/src/rp2_common/pico_bit_ops/bit_ops_aeabi.S.obj
 .text.__wrap___aeabi_idiv
                0x1000229c       0x50 CMakeFiles/ADC_DisplayC.dir/C_/Users/ppscarvalho/.pico-sdk/sdk/2.1.0/src/rp2_common/pico_divider/divider_hardware.S.obj
                0x1000229c                __wrap___aeabi_idivmod
                0x1000229c                divmod_s32s32
                0x1000229c                div_s32s32
                0x1000229c                __wrap___aeabi_idiv
                0x100022a4                divmod_s32s32_unsafe
                0x100022d0                divmod_s32s32_savestate
 .text.__wrap___aeabi_uidiv
                0x100022ec       0x4c CMakeFiles/ADC_DisplayC.dir/C_/Users/ppscarvalho/.pico-sdk/sdk/2.1.0/src/rp2_common/pico_divider/divider_hardware.S.obj
                0x100022ec                __wrap___aeabi_uidiv
                0x100022ec                __wrap___aeabi_uidivmod
                0x100022ec                div_u32u32
                0x100022ec                divmod_u32u32
                0x100022f4                divmod_u32u32_unsafe
                0x1000231c                divmod_u32u32_savestate
 .text.__wrap___aeabi_ldiv
                0x10002338      0x424 CMakeFiles/ADC_DisplayC.dir/C_/Users/ppscarvalho/.pico-sdk/sdk/2.1.0/src/rp2_common/pico_divider/divider_hardware.S.obj
                0x10002338                div_s64s64
                0x10002338                divmod_s64s64
                0x10002338                __wrap___aeabi_ldivmod
                0x10002368                divmod_u64u64
                0x10002368                div_u64u64
                0x10002368                __wrap___aeabi_uldivmod
                0x10002378                divmod_u64u64_savestate
                0x10002398                divmod_s64s64_unsafe
                0x10002420                divmod_u64u64_unsafe
 .text.__aeabi_double_init
                0x1000275c       0xa4 CMakeFiles/ADC_DisplayC.dir/C_/Users/ppscarvalho/.pico-sdk/sdk/2.1.0/src/rp2_common/pico_double/double_init_rom_rp2040.c.obj
                0x1000275c                __aeabi_double_init
 .text.double_table_shim_on_use_helper
                0x10002800       0x2c CMakeFiles/ADC_DisplayC.dir/C_/Users/ppscarvalho/.pico-sdk/sdk/2.1.0/src/rp2_common/pico_double/double_v1_rom_shim_rp2040.S.obj
                0x10002800                double_table_shim_on_use_helper
 .text.__aeabi_lmul
                0x1000282c       0x32 CMakeFiles/ADC_DisplayC.dir/C_/Users/ppscarvalho/.pico-sdk/sdk/2.1.0/src/rp2_common/pico_int64_ops/pico_int64_ops_aeabi.S.obj
                0x1000282c                __wrap___aeabi_lmul
 *fill*         0x1000285e        0x2 
 .text.__aeabi_float_init
                0x10002860       0x64 CMakeFiles/ADC_DisplayC.dir/C_/Users/ppscarvalho/.pico-sdk/sdk/2.1.0/src/rp2_common/pico_float/float_init_rom_rp2040.c.obj
                0x10002860                __aeabi_float_init
 .text.float_table_shim_on_use_helper
                0x100028c4       0x2c CMakeFiles/ADC_DisplayC.dir/C_/Users/ppscarvalho/.pico-sdk/sdk/2.1.0/src/rp2_common/pico_float/float_v1_rom_shim_rp2040.S.obj
                0x100028c4                float_table_shim_on_use_helper
 .text.__wrap_calloc
                0x100028f0       0x28 CMakeFiles/ADC_DisplayC.dir/C_/Users/ppscarvalho/.pico-sdk/sdk/2.1.0/src/rp2_common/pico_malloc/malloc.c.obj
                0x100028f0                __wrap_calloc
 .text          0x10002918       0x10 CMakeFiles/ADC_DisplayC.dir/C_/Users/ppscarvalho/.pico-sdk/sdk/2.1.0/src/rp2_common/pico_mem_ops/mem_ops_aeabi.S.obj
                0x10002918                __aeabi_mem_init
 .text.memset   0x10002928        0xc CMakeFiles/ADC_DisplayC.dir/C_/Users/ppscarvalho/.pico-sdk/sdk/2.1.0/src/rp2_common/pico_mem_ops/mem_ops_aeabi.S.obj
                0x10002928                __wrap_memset
 .text.memcpy   0x10002934        0xc CMakeFiles/ADC_DisplayC.dir/C_/Users/ppscarvalho/.pico-sdk/sdk/2.1.0/src/rp2_common/pico_mem_ops/mem_ops_aeabi.S.obj
                0x10002934                __wrap_memcpy
                0x10002934                __wrap___aeabi_memcpy
 .text._out_char
                0x10002940       0x10 CMakeFiles/ADC_DisplayC.dir/C_/Users/ppscarvalho/.pico-sdk/sdk/2.1.0/src/rp2_common/pico_printf/printf.c.obj
 .text.weak_raw_vprintf
                0x10002950       0x30 CMakeFiles/ADC_DisplayC.dir/C_/Users/ppscarvalho/.pico-sdk/sdk/2.1.0/src/rp2_common/pico_printf/printf.c.obj
                0x10002950                weak_raw_vprintf
 .text._exit    0x10002980        0x4 CMakeFiles/ADC_DisplayC.dir/C_/Users/ppscarvalho/.pico-sdk/sdk/2.1.0/src/rp2_common/pico_clib_interface/newlib_interface.c.obj
                0x10002980                _exit
 .text._sbrk    0x10002984       0x34 CMakeFiles/ADC_DisplayC.dir/C_/Users/ppscarvalho/.pico-sdk/sdk/2.1.0/src/rp2_common/pico_clib_interface/newlib_interface.c.obj
                0x10002984                _sbrk
 .text.exit     0x100029b8        0x8 CMakeFiles/ADC_DisplayC.dir/C_/Users/ppscarvalho/.pico-sdk/sdk/2.1.0/src/rp2_common/pico_clib_interface/newlib_interface.c.obj
                0x100029b8                exit
 .text.runtime_init
                0x100029c0       0x2c CMakeFiles/ADC_DisplayC.dir/C_/Users/ppscarvalho/.pico-sdk/sdk/2.1.0/src/rp2_common/pico_clib_interface/newlib_interface.c.obj
                0x100029c0                runtime_init
 .text.stdio_out_chars_no_crlf
                0x100029ec       0x10 CMakeFiles/ADC_DisplayC.dir/C_/Users/ppscarvalho/.pico-sdk/sdk/2.1.0/src/rp2_common/pico_stdio/stdio.c.obj
 .text.stdio_out_chars_crlf
                0x100029fc       0x94 CMakeFiles/ADC_DisplayC.dir/C_/Users/ppscarvalho/.pico-sdk/sdk/2.1.0/src/rp2_common/pico_stdio/stdio.c.obj
 .text.stdio_put_string
                0x10002a90      0x100 CMakeFiles/ADC_DisplayC.dir/C_/Users/ppscarvalho/.pico-sdk/sdk/2.1.0/src/rp2_common/pico_stdio/stdio.c.obj
                0x10002a90                stdio_put_string
 .text.stdio_set_driver_enabled
                0x10002b90       0x30 CMakeFiles/ADC_DisplayC.dir/C_/Users/ppscarvalho/.pico-sdk/sdk/2.1.0/src/rp2_common/pico_stdio/stdio.c.obj
                0x10002b90                stdio_set_driver_enabled
 .text.stdio_init_all
                0x10002bc0        0x8 CMakeFiles/ADC_DisplayC.dir/C_/Users/ppscarvalho/.pico-sdk/sdk/2.1.0/src/rp2_common/pico_stdio/stdio.c.obj
                0x10002bc0                stdio_init_all
 .text.__wrap_putchar
                0x10002bc8       0x98 CMakeFiles/ADC_DisplayC.dir/C_/Users/ppscarvalho/.pico-sdk/sdk/2.1.0/src/rp2_common/pico_stdio/stdio.c.obj
                0x10002bc8                __wrap_putchar
                0x10002bc8                stdio_putchar
 .text.__wrap_puts
                0x10002c60       0x3c CMakeFiles/ADC_DisplayC.dir/C_/Users/ppscarvalho/.pico-sdk/sdk/2.1.0/src/rp2_common/pico_stdio/stdio.c.obj
                0x10002c60                stdio_puts
                0x10002c60                __wrap_puts
 .text.resetd_init
                0x10002c9c        0x4 CMakeFiles/ADC_DisplayC.dir/C_/Users/ppscarvalho/.pico-sdk/sdk/2.1.0/src/rp2_common/pico_stdio_usb/reset_interface.c.obj
 .text.resetd_reset
                0x10002ca0        0xc CMakeFiles/ADC_DisplayC.dir/C_/Users/ppscarvalho/.pico-sdk/sdk/2.1.0/src/rp2_common/pico_stdio_usb/reset_interface.c.obj
 .text.resetd_open
                0x10002cac       0x28 CMakeFiles/ADC_DisplayC.dir/C_/Users/ppscarvalho/.pico-sdk/sdk/2.1.0/src/rp2_common/pico_stdio_usb/reset_interface.c.obj
 .text.resetd_xfer_cb
                0x10002cd4        0x4 CMakeFiles/ADC_DisplayC.dir/C_/Users/ppscarvalho/.pico-sdk/sdk/2.1.0/src/rp2_common/pico_stdio_usb/reset_interface.c.obj
 .text.resetd_control_xfer_cb
                0x10002cd8       0x5c CMakeFiles/ADC_DisplayC.dir/C_/Users/ppscarvalho/.pico-sdk/sdk/2.1.0/src/rp2_common/pico_stdio_usb/reset_interface.c.obj
 .text.tud_descriptor_bos_cb
                0x10002d34        0x8 CMakeFiles/ADC_DisplayC.dir/C_/Users/ppscarvalho/.pico-sdk/sdk/2.1.0/src/rp2_common/pico_stdio_usb/reset_interface.c.obj
                0x10002d34                tud_descriptor_bos_cb
 .text.tud_vendor_control_xfer_cb
                0x10002d3c       0x34 CMakeFiles/ADC_DisplayC.dir/C_/Users/ppscarvalho/.pico-sdk/sdk/2.1.0/src/rp2_common/pico_stdio_usb/reset_interface.c.obj
                0x10002d3c                tud_vendor_control_xfer_cb
 .text.usbd_app_driver_get_cb
                0x10002d70        0xc CMakeFiles/ADC_DisplayC.dir/C_/Users/ppscarvalho/.pico-sdk/sdk/2.1.0/src/rp2_common/pico_stdio_usb/reset_interface.c.obj
                0x10002d70                usbd_app_driver_get_cb
 .text.tud_cdc_line_coding_cb
                0x10002d7c       0x2c CMakeFiles/ADC_DisplayC.dir/C_/Users/ppscarvalho/.pico-sdk/sdk/2.1.0/src/rp2_common/pico_stdio_usb/reset_interface.c.obj
                0x10002d7c                tud_cdc_line_coding_cb
 .text.stdio_usb_set_chars_available_callback
                0x10002da8       0x14 CMakeFiles/ADC_DisplayC.dir/C_/Users/ppscarvalho/.pico-sdk/sdk/2.1.0/src/rp2_common/pico_stdio_usb/stdio_usb.c.obj
                0x10002da8                stdio_usb_set_chars_available_callback
 .text.usb_irq  0x10002dbc       0x10 CMakeFiles/ADC_DisplayC.dir/C_/Users/ppscarvalho/.pico-sdk/sdk/2.1.0/src/rp2_common/pico_stdio_usb/stdio_usb.c.obj
 .text.timer_task
                0x10002dcc       0x64 CMakeFiles/ADC_DisplayC.dir/C_/Users/ppscarvalho/.pico-sdk/sdk/2.1.0/src/rp2_common/pico_stdio_usb/stdio_usb.c.obj
 .text.stdio_usb_in_chars
                0x10002e30       0x90 CMakeFiles/ADC_DisplayC.dir/C_/Users/ppscarvalho/.pico-sdk/sdk/2.1.0/src/rp2_common/pico_stdio_usb/stdio_usb.c.obj
                0x10002e30                stdio_usb_in_chars
 .text.stdio_usb_out_flush
                0x10002ec0       0x50 CMakeFiles/ADC_DisplayC.dir/C_/Users/ppscarvalho/.pico-sdk/sdk/2.1.0/src/rp2_common/pico_stdio_usb/stdio_usb.c.obj
 .text.stdio_usb_out_chars
                0x10002f10      0x104 CMakeFiles/ADC_DisplayC.dir/C_/Users/ppscarvalho/.pico-sdk/sdk/2.1.0/src/rp2_common/pico_stdio_usb/stdio_usb.c.obj
 .text.low_priority_worker_irq
                0x10003014       0xcc CMakeFiles/ADC_DisplayC.dir/C_/Users/ppscarvalho/.pico-sdk/sdk/2.1.0/src/rp2_common/pico_stdio_usb/stdio_usb.c.obj
 .text.stdio_usb_init
                0x100030e0       0xe8 CMakeFiles/ADC_DisplayC.dir/C_/Users/ppscarvalho/.pico-sdk/sdk/2.1.0/src/rp2_common/pico_stdio_usb/stdio_usb.c.obj
                0x100030e0                stdio_usb_init
 .text.tud_descriptor_device_cb
                0x100031c8        0x8 CMakeFiles/ADC_DisplayC.dir/C_/Users/ppscarvalho/.pico-sdk/sdk/2.1.0/src/rp2_common/pico_stdio_usb/stdio_usb_descriptors.c.obj
                0x100031c8                tud_descriptor_device_cb
 .text.tud_descriptor_configuration_cb
                0x100031d0        0x8 CMakeFiles/ADC_DisplayC.dir/C_/Users/ppscarvalho/.pico-sdk/sdk/2.1.0/src/rp2_common/pico_stdio_usb/stdio_usb_descriptors.c.obj
                0x100031d0                tud_descriptor_configuration_cb
 .text.tud_descriptor_string_cb
                0x100031d8       0x78 CMakeFiles/ADC_DisplayC.dir/C_/Users/ppscarvalho/.pico-sdk/sdk/2.1.0/src/rp2_common/pico_stdio_usb/stdio_usb_descriptors.c.obj
                0x100031d8                tud_descriptor_string_cb
 .text.startup._retrieve_unique_id_on_boot
                0x10003250       0x10 CMakeFiles/ADC_DisplayC.dir/C_/Users/ppscarvalho/.pico-sdk/sdk/2.1.0/src/rp2_common/pico_unique_id/unique_id.c.obj
 .text.pico_get_unique_board_id_string
                0x10003260      0x1a8 CMakeFiles/ADC_DisplayC.dir/C_/Users/ppscarvalho/.pico-sdk/sdk/2.1.0/src/rp2_common/pico_unique_id/unique_id.c.obj
                0x10003260                pico_get_unique_board_id_string
 .text.flash_get_unique_id
                0x10003408       0x3c CMakeFiles/ADC_DisplayC.dir/C_/Users/ppscarvalho/.pico-sdk/sdk/2.1.0/src/rp2_common/hardware_flash/flash.c.obj
                0x10003408                flash_get_unique_id
 .text.dcd_init
                0x10003444       0x8c CMakeFiles/ADC_DisplayC.dir/C_/Users/ppscarvalho/.pico-sdk/sdk/2.1.0/lib/tinyusb/src/portable/raspberrypi/rp2040/dcd_rp2040.c.obj
                0x10003444                dcd_init
 .text.dcd_int_enable
                0x100034d0        0xc CMakeFiles/ADC_DisplayC.dir/C_/Users/ppscarvalho/.pico-sdk/sdk/2.1.0/lib/tinyusb/src/portable/raspberrypi/rp2040/dcd_rp2040.c.obj
                0x100034d0                dcd_int_enable
 .text.dcd_set_address
                0x100034dc       0x14 CMakeFiles/ADC_DisplayC.dir/C_/Users/ppscarvalho/.pico-sdk/sdk/2.1.0/lib/tinyusb/src/portable/raspberrypi/rp2040/dcd_rp2040.c.obj
                0x100034dc                dcd_set_address
 .text.dcd_sof_enable
                0x100034f0       0x1c CMakeFiles/ADC_DisplayC.dir/C_/Users/ppscarvalho/.pico-sdk/sdk/2.1.0/lib/tinyusb/src/portable/raspberrypi/rp2040/dcd_rp2040.c.obj
                0x100034f0                dcd_sof_enable
 .text.dcd_edpt0_status_complete
                0x1000350c       0x1c CMakeFiles/ADC_DisplayC.dir/C_/Users/ppscarvalho/.pico-sdk/sdk/2.1.0/lib/tinyusb/src/portable/raspberrypi/rp2040/dcd_rp2040.c.obj
                0x1000350c                dcd_edpt0_status_complete
 .text.dcd_edpt_open
                0x10003528      0x108 CMakeFiles/ADC_DisplayC.dir/C_/Users/ppscarvalho/.pico-sdk/sdk/2.1.0/lib/tinyusb/src/portable/raspberrypi/rp2040/dcd_rp2040.c.obj
                0x10003528                dcd_edpt_open
 .text.dcd_edpt_close_all
                0x10003630        0x8 CMakeFiles/ADC_DisplayC.dir/C_/Users/ppscarvalho/.pico-sdk/sdk/2.1.0/lib/tinyusb/src/portable/raspberrypi/rp2040/dcd_rp2040.c.obj
                0x10003630                dcd_edpt_close_all
 .text.dcd_edpt_xfer
                0x10003638       0x24 CMakeFiles/ADC_DisplayC.dir/C_/Users/ppscarvalho/.pico-sdk/sdk/2.1.0/lib/tinyusb/src/portable/raspberrypi/rp2040/dcd_rp2040.c.obj
                0x10003638                dcd_edpt_xfer
 .text.dcd_edpt_stall
                0x1000365c       0x34 CMakeFiles/ADC_DisplayC.dir/C_/Users/ppscarvalho/.pico-sdk/sdk/2.1.0/lib/tinyusb/src/portable/raspberrypi/rp2040/dcd_rp2040.c.obj
                0x1000365c                dcd_edpt_stall
 .text.dcd_edpt_clear_stall
                0x10003690       0x30 CMakeFiles/ADC_DisplayC.dir/C_/Users/ppscarvalho/.pico-sdk/sdk/2.1.0/lib/tinyusb/src/portable/raspberrypi/rp2040/dcd_rp2040.c.obj
                0x10003690                dcd_edpt_clear_stall
 .text.rp2040_usb_init
                0x100036c0       0x40 CMakeFiles/ADC_DisplayC.dir/C_/Users/ppscarvalho/.pico-sdk/sdk/2.1.0/lib/tinyusb/src/portable/raspberrypi/rp2040/rp2040_usb.c.obj
                0x100036c0                rp2040_usb_init
 .text.hw_endpoint_xfer_start
                0x10003700       0x40 CMakeFiles/ADC_DisplayC.dir/C_/Users/ppscarvalho/.pico-sdk/sdk/2.1.0/lib/tinyusb/src/portable/raspberrypi/rp2040/rp2040_usb.c.obj
                0x10003700                hw_endpoint_xfer_start
 .text.tud_event_hook_cb
                0x10003740        0x4 CMakeFiles/ADC_DisplayC.dir/C_/Users/ppscarvalho/.pico-sdk/sdk/2.1.0/lib/tinyusb/src/device/usbd.c.obj
                0x10003740                tud_event_hook_cb
 .text.tud_sof_cb
                0x10003744        0x4 CMakeFiles/ADC_DisplayC.dir/C_/Users/ppscarvalho/.pico-sdk/sdk/2.1.0/lib/tinyusb/src/device/usbd.c.obj
                0x10003744                tud_sof_cb
 .text.tud_descriptor_device_qualifier_cb
                0x10003748        0x4 CMakeFiles/ADC_DisplayC.dir/C_/Users/ppscarvalho/.pico-sdk/sdk/2.1.0/lib/tinyusb/src/device/usbd.c.obj
                0x10003748                tud_descriptor_device_qualifier_cb
 .text.tud_descriptor_other_speed_configuration_cb
                0x1000374c        0x4 CMakeFiles/ADC_DisplayC.dir/C_/Users/ppscarvalho/.pico-sdk/sdk/2.1.0/lib/tinyusb/src/device/usbd.c.obj
                0x1000374c                tud_descriptor_other_speed_configuration_cb
 .text.tud_mount_cb
                0x10003750        0x4 CMakeFiles/ADC_DisplayC.dir/C_/Users/ppscarvalho/.pico-sdk/sdk/2.1.0/lib/tinyusb/src/device/usbd.c.obj
                0x10003750                tud_mount_cb
 .text.tud_umount_cb
                0x10003754        0x4 CMakeFiles/ADC_DisplayC.dir/C_/Users/ppscarvalho/.pico-sdk/sdk/2.1.0/lib/tinyusb/src/device/usbd.c.obj
                0x10003754                tud_umount_cb
 .text.tud_suspend_cb
                0x10003758        0x4 CMakeFiles/ADC_DisplayC.dir/C_/Users/ppscarvalho/.pico-sdk/sdk/2.1.0/lib/tinyusb/src/device/usbd.c.obj
                0x10003758                tud_suspend_cb
 .text.tud_resume_cb
                0x1000375c        0x4 CMakeFiles/ADC_DisplayC.dir/C_/Users/ppscarvalho/.pico-sdk/sdk/2.1.0/lib/tinyusb/src/device/usbd.c.obj
                0x1000375c                tud_resume_cb
 .text.tud_mounted
                0x10003760       0x10 CMakeFiles/ADC_DisplayC.dir/C_/Users/ppscarvalho/.pico-sdk/sdk/2.1.0/lib/tinyusb/src/device/usbd.c.obj
                0x10003760                tud_mounted
 .text.tud_suspended
                0x10003770       0x10 CMakeFiles/ADC_DisplayC.dir/C_/Users/ppscarvalho/.pico-sdk/sdk/2.1.0/lib/tinyusb/src/device/usbd.c.obj
                0x10003770                tud_suspended
 .text.tud_init
                0x10003780       0xe4 CMakeFiles/ADC_DisplayC.dir/C_/Users/ppscarvalho/.pico-sdk/sdk/2.1.0/lib/tinyusb/src/device/usbd.c.obj
                0x10003780                tud_init
 .text.tud_task_ext
                0x10003864      0x800 CMakeFiles/ADC_DisplayC.dir/C_/Users/ppscarvalho/.pico-sdk/sdk/2.1.0/lib/tinyusb/src/device/usbd.c.obj
                0x10003864                tud_task_ext
 .text.usbd_open_edpt_pair
                0x10004064       0x9c CMakeFiles/ADC_DisplayC.dir/C_/Users/ppscarvalho/.pico-sdk/sdk/2.1.0/lib/tinyusb/src/device/usbd.c.obj
                0x10004064                usbd_open_edpt_pair
 .text.usbd_edpt_open
                0x10004100       0x34 CMakeFiles/ADC_DisplayC.dir/C_/Users/ppscarvalho/.pico-sdk/sdk/2.1.0/lib/tinyusb/src/device/usbd.c.obj
                0x10004100                usbd_edpt_open
 .text.usbd_edpt_claim
                0x10004134       0x28 CMakeFiles/ADC_DisplayC.dir/C_/Users/ppscarvalho/.pico-sdk/sdk/2.1.0/lib/tinyusb/src/device/usbd.c.obj
                0x10004134                usbd_edpt_claim
 .text.usbd_edpt_release
                0x1000415c       0x28 CMakeFiles/ADC_DisplayC.dir/C_/Users/ppscarvalho/.pico-sdk/sdk/2.1.0/lib/tinyusb/src/device/usbd.c.obj
                0x1000415c                usbd_edpt_release
 .text.usbd_edpt_xfer
                0x10004184       0x4c CMakeFiles/ADC_DisplayC.dir/C_/Users/ppscarvalho/.pico-sdk/sdk/2.1.0/lib/tinyusb/src/device/usbd.c.obj
                0x10004184                usbd_edpt_xfer
 .text.tud_control_status
                0x100041d0       0x2c CMakeFiles/ADC_DisplayC.dir/C_/Users/ppscarvalho/.pico-sdk/sdk/2.1.0/lib/tinyusb/src/device/usbd_control.c.obj
                0x100041d0                tud_control_status
 .text.tud_control_xfer
                0x100041fc       0xac CMakeFiles/ADC_DisplayC.dir/C_/Users/ppscarvalho/.pico-sdk/sdk/2.1.0/lib/tinyusb/src/device/usbd_control.c.obj
                0x100041fc                tud_control_xfer
 .text.usbd_control_reset
                0x100042a8       0x14 CMakeFiles/ADC_DisplayC.dir/C_/Users/ppscarvalho/.pico-sdk/sdk/2.1.0/lib/tinyusb/src/device/usbd_control.c.obj
                0x100042a8                usbd_control_reset
 .text.usbd_control_set_complete_callback
                0x100042bc        0xc CMakeFiles/ADC_DisplayC.dir/C_/Users/ppscarvalho/.pico-sdk/sdk/2.1.0/lib/tinyusb/src/device/usbd_control.c.obj
                0x100042bc                usbd_control_set_complete_callback
 .text.usbd_control_set_request
                0x100042c8       0x1c CMakeFiles/ADC_DisplayC.dir/C_/Users/ppscarvalho/.pico-sdk/sdk/2.1.0/lib/tinyusb/src/device/usbd_control.c.obj
                0x100042c8                usbd_control_set_request
 .text.usbd_control_xfer_cb
                0x100042e4       0xec CMakeFiles/ADC_DisplayC.dir/C_/Users/ppscarvalho/.pico-sdk/sdk/2.1.0/lib/tinyusb/src/device/usbd_control.c.obj
                0x100042e4                usbd_control_xfer_cb
 .text._prep_out_transaction.isra.0
                0x100043d0       0x5c CMakeFiles/ADC_DisplayC.dir/C_/Users/ppscarvalho/.pico-sdk/sdk/2.1.0/lib/tinyusb/src/class/cdc/cdc_device.c.obj
 .text.tud_cdc_n_connected
                0x1000442c       0x30 CMakeFiles/ADC_DisplayC.dir/C_/Users/ppscarvalho/.pico-sdk/sdk/2.1.0/lib/tinyusb/src/class/cdc/cdc_device.c.obj
                0x1000442c                tud_cdc_n_connected
 .text.tud_cdc_n_available
                0x1000445c       0x18 CMakeFiles/ADC_DisplayC.dir/C_/Users/ppscarvalho/.pico-sdk/sdk/2.1.0/lib/tinyusb/src/class/cdc/cdc_device.c.obj
                0x1000445c                tud_cdc_n_available
 .text.tud_cdc_n_read
                0x10004474       0x98 CMakeFiles/ADC_DisplayC.dir/C_/Users/ppscarvalho/.pico-sdk/sdk/2.1.0/lib/tinyusb/src/class/cdc/cdc_device.c.obj
                0x10004474                tud_cdc_n_read
 .text.tud_cdc_n_write_flush
                0x1000450c       0x78 CMakeFiles/ADC_DisplayC.dir/C_/Users/ppscarvalho/.pico-sdk/sdk/2.1.0/lib/tinyusb/src/class/cdc/cdc_device.c.obj
                0x1000450c                tud_cdc_n_write_flush
 .text.tud_cdc_n_write
                0x10004584       0x40 CMakeFiles/ADC_DisplayC.dir/C_/Users/ppscarvalho/.pico-sdk/sdk/2.1.0/lib/tinyusb/src/class/cdc/cdc_device.c.obj
                0x10004584                tud_cdc_n_write
 .text.tud_cdc_n_write_available
                0x100045c4       0x18 CMakeFiles/ADC_DisplayC.dir/C_/Users/ppscarvalho/.pico-sdk/sdk/2.1.0/lib/tinyusb/src/class/cdc/cdc_device.c.obj
                0x100045c4                tud_cdc_n_write_available
 .text.cdcd_init
                0x100045dc       0x7c CMakeFiles/ADC_DisplayC.dir/C_/Users/ppscarvalho/.pico-sdk/sdk/2.1.0/lib/tinyusb/src/class/cdc/cdc_device.c.obj
                0x100045dc                cdcd_init
 .text.cdcd_deinit
                0x10004658       0x34 CMakeFiles/ADC_DisplayC.dir/C_/Users/ppscarvalho/.pico-sdk/sdk/2.1.0/lib/tinyusb/src/class/cdc/cdc_device.c.obj
                0x10004658                cdcd_deinit
 .text.cdcd_reset
                0x1000468c       0x4c CMakeFiles/ADC_DisplayC.dir/C_/Users/ppscarvalho/.pico-sdk/sdk/2.1.0/lib/tinyusb/src/class/cdc/cdc_device.c.obj
                0x1000468c                cdcd_reset
 .text.cdcd_open
                0x100046d8       0xb0 CMakeFiles/ADC_DisplayC.dir/C_/Users/ppscarvalho/.pico-sdk/sdk/2.1.0/lib/tinyusb/src/class/cdc/cdc_device.c.obj
                0x100046d8                cdcd_open
 .text.cdcd_control_xfer_cb
                0x10004788       0xe4 CMakeFiles/ADC_DisplayC.dir/C_/Users/ppscarvalho/.pico-sdk/sdk/2.1.0/lib/tinyusb/src/class/cdc/cdc_device.c.obj
                0x10004788                cdcd_control_xfer_cb
 .text.cdcd_xfer_cb
                0x1000486c      0x100 CMakeFiles/ADC_DisplayC.dir/C_/Users/ppscarvalho/.pico-sdk/sdk/2.1.0/lib/tinyusb/src/class/cdc/cdc_device.c.obj
                0x1000486c                cdcd_xfer_cb
 .text.vendord_init
                0x1000496c       0x5c CMakeFiles/ADC_DisplayC.dir/C_/Users/ppscarvalho/.pico-sdk/sdk/2.1.0/lib/tinyusb/src/class/vendor/vendor_device.c.obj
                0x1000496c                vendord_init
 .text.vendord_deinit
                0x100049c8       0x1c CMakeFiles/ADC_DisplayC.dir/C_/Users/ppscarvalho/.pico-sdk/sdk/2.1.0/lib/tinyusb/src/class/vendor/vendor_device.c.obj
                0x100049c8                vendord_deinit
 .text.vendord_reset
                0x100049e4       0x20 CMakeFiles/ADC_DisplayC.dir/C_/Users/ppscarvalho/.pico-sdk/sdk/2.1.0/lib/tinyusb/src/class/vendor/vendor_device.c.obj
                0x100049e4                vendord_reset
 .text.vendord_open
                0x10004a04      0x138 CMakeFiles/ADC_DisplayC.dir/C_/Users/ppscarvalho/.pico-sdk/sdk/2.1.0/lib/tinyusb/src/class/vendor/vendor_device.c.obj
                0x10004a04                vendord_open
 .text.vendord_xfer_cb
                0x10004b3c       0x9c CMakeFiles/ADC_DisplayC.dir/C_/Users/ppscarvalho/.pico-sdk/sdk/2.1.0/lib/tinyusb/src/class/vendor/vendor_device.c.obj
                0x10004b3c                vendord_xfer_cb
 .text.tusb_init
                0x10004bd8        0xc CMakeFiles/ADC_DisplayC.dir/C_/Users/ppscarvalho/.pico-sdk/sdk/2.1.0/lib/tinyusb/src/tusb.c.obj
                0x10004bd8                tusb_init
 .text.tu_edpt_claim
                0x10004be4       0x50 CMakeFiles/ADC_DisplayC.dir/C_/Users/ppscarvalho/.pico-sdk/sdk/2.1.0/lib/tinyusb/src/tusb.c.obj
                0x10004be4                tu_edpt_claim
 .text.tu_edpt_release
                0x10004c34       0x38 CMakeFiles/ADC_DisplayC.dir/C_/Users/ppscarvalho/.pico-sdk/sdk/2.1.0/lib/tinyusb/src/tusb.c.obj
                0x10004c34                tu_edpt_release
 .text.tu_edpt_validate
                0x10004c6c       0x7c CMakeFiles/ADC_DisplayC.dir/C_/Users/ppscarvalho/.pico-sdk/sdk/2.1.0/lib/tinyusb/src/tusb.c.obj
                0x10004c6c                tu_edpt_validate
 .text.tu_edpt_bind_driver
                0x10004ce8       0x34 CMakeFiles/ADC_DisplayC.dir/C_/Users/ppscarvalho/.pico-sdk/sdk/2.1.0/lib/tinyusb/src/tusb.c.obj
                0x10004ce8                tu_edpt_bind_driver
 .text.tu_edpt_stream_init
                0x10004d1c       0x6c CMakeFiles/ADC_DisplayC.dir/C_/Users/ppscarvalho/.pico-sdk/sdk/2.1.0/lib/tinyusb/src/tusb.c.obj
                0x10004d1c                tu_edpt_stream_init
 .text.tu_edpt_stream_deinit
                0x10004d88        0x4 CMakeFiles/ADC_DisplayC.dir/C_/Users/ppscarvalho/.pico-sdk/sdk/2.1.0/lib/tinyusb/src/tusb.c.obj
                0x10004d88                tu_edpt_stream_deinit
 .text.tu_edpt_stream_write_zlp_if_needed
                0x10004d8c       0x68 CMakeFiles/ADC_DisplayC.dir/C_/Users/ppscarvalho/.pico-sdk/sdk/2.1.0/lib/tinyusb/src/tusb.c.obj
                0x10004d8c                tu_edpt_stream_write_zlp_if_needed
 .text.tu_edpt_stream_write_xfer
                0x10004df4       0x64 CMakeFiles/ADC_DisplayC.dir/C_/Users/ppscarvalho/.pico-sdk/sdk/2.1.0/lib/tinyusb/src/tusb.c.obj
                0x10004df4                tu_edpt_stream_write_xfer
 .text.tu_edpt_stream_read_xfer
                0x10004e58       0xdc CMakeFiles/ADC_DisplayC.dir/C_/Users/ppscarvalho/.pico-sdk/sdk/2.1.0/lib/tinyusb/src/tusb.c.obj
                0x10004e58                tu_edpt_stream_read_xfer
 .text.tu_fifo_config
                0x10004f34       0x6c CMakeFiles/ADC_DisplayC.dir/C_/Users/ppscarvalho/.pico-sdk/sdk/2.1.0/lib/tinyusb/src/common/tusb_fifo.c.obj
                0x10004f34                tu_fifo_config
 .text.tu_fifo_count
                0x10004fa0       0x2c CMakeFiles/ADC_DisplayC.dir/C_/Users/ppscarvalho/.pico-sdk/sdk/2.1.0/lib/tinyusb/src/common/tusb_fifo.c.obj
                0x10004fa0                tu_fifo_count
 .text.tu_fifo_empty
                0x10004fcc       0x10 CMakeFiles/ADC_DisplayC.dir/C_/Users/ppscarvalho/.pico-sdk/sdk/2.1.0/lib/tinyusb/src/common/tusb_fifo.c.obj
                0x10004fcc                tu_fifo_empty
 .text.tu_fifo_remaining
                0x10004fdc       0x2c CMakeFiles/ADC_DisplayC.dir/C_/Users/ppscarvalho/.pico-sdk/sdk/2.1.0/lib/tinyusb/src/common/tusb_fifo.c.obj
                0x10004fdc                tu_fifo_remaining
 .text.tu_fifo_read
                0x10005008       0x9c CMakeFiles/ADC_DisplayC.dir/C_/Users/ppscarvalho/.pico-sdk/sdk/2.1.0/lib/tinyusb/src/common/tusb_fifo.c.obj
                0x10005008                tu_fifo_read
 .text.tu_fifo_read_n
                0x100050a4       0xe8 CMakeFiles/ADC_DisplayC.dir/C_/Users/ppscarvalho/.pico-sdk/sdk/2.1.0/lib/tinyusb/src/common/tusb_fifo.c.obj
                0x100050a4                tu_fifo_read_n
 .text.tu_fifo_write
                0x1000518c       0xa8 CMakeFiles/ADC_DisplayC.dir/C_/Users/ppscarvalho/.pico-sdk/sdk/2.1.0/lib/tinyusb/src/common/tusb_fifo.c.obj
                0x1000518c                tu_fifo_write
 .text.tu_fifo_write_n
                0x10005234      0x178 CMakeFiles/ADC_DisplayC.dir/C_/Users/ppscarvalho/.pico-sdk/sdk/2.1.0/lib/tinyusb/src/common/tusb_fifo.c.obj
                0x10005234                tu_fifo_write_n
 .text.tu_fifo_clear
                0x100053ac       0x40 CMakeFiles/ADC_DisplayC.dir/C_/Users/ppscarvalho/.pico-sdk/sdk/2.1.0/lib/tinyusb/src/common/tusb_fifo.c.obj
                0x100053ac                tu_fifo_clear
 .text.tu_fifo_set_overwritable
                0x100053ec       0x48 CMakeFiles/ADC_DisplayC.dir/C_/Users/ppscarvalho/.pico-sdk/sdk/2.1.0/lib/tinyusb/src/common/tusb_fifo.c.obj
                0x100053ec                tu_fifo_set_overwritable
 .text.i2c_write_blocking_internal.constprop.0
                0x10005434       0xd0 CMakeFiles/ADC_DisplayC.dir/C_/Users/ppscarvalho/.pico-sdk/sdk/2.1.0/src/rp2_common/hardware_i2c/i2c.c.obj
 .text.i2c_set_baudrate
                0x10005504       0xc0 CMakeFiles/ADC_DisplayC.dir/C_/Users/ppscarvalho/.pico-sdk/sdk/2.1.0/src/rp2_common/hardware_i2c/i2c.c.obj
                0x10005504                i2c_set_baudrate
 .text.i2c_init
                0x100055c4       0x50 CMakeFiles/ADC_DisplayC.dir/C_/Users/ppscarvalho/.pico-sdk/sdk/2.1.0/src/rp2_common/hardware_i2c/i2c.c.obj
                0x100055c4                i2c_init
 .text.i2c_write_blocking
                0x10005614       0x14 CMakeFiles/ADC_DisplayC.dir/C_/Users/ppscarvalho/.pico-sdk/sdk/2.1.0/src/rp2_common/hardware_i2c/i2c.c.obj
                0x10005614                i2c_write_blocking
 .text.adc_init
                0x10005628       0x38 CMakeFiles/ADC_DisplayC.dir/C_/Users/ppscarvalho/.pico-sdk/sdk/2.1.0/src/rp2_common/hardware_adc/adc.c.obj
                0x10005628                adc_init
 .text.calloc   0x10005660       0x18 C:/Users/ppscarvalho/.pico-sdk/toolchain/13_3_Rel1/bin/../lib/gcc/arm-none-eabi/13.3.1/thumb/v6-m/nofp\libg.a(libc_a-calloc.o)
                0x10005660                calloc
 .text._calloc_r
                0x10005678       0xa8 C:/Users/ppscarvalho/.pico-sdk/toolchain/13_3_Rel1/bin/../lib/gcc/arm-none-eabi/13.3.1/thumb/v6-m/nofp\libg.a(libc_a-callocr.o)
                0x10005678                _calloc_r
 .text._malloc_r
                0x10005720      0x5c4 C:/Users/ppscarvalho/.pico-sdk/toolchain/13_3_Rel1/bin/../lib/gcc/arm-none-eabi/13.3.1/thumb/v6-m/nofp\libg.a(libc_a-mallocr.o)
                0x10005720                _malloc_r
 .text.__malloc_lock
                0x10005ce4       0x10 C:/Users/ppscarvalho/.pico-sdk/toolchain/13_3_Rel1/bin/../lib/gcc/arm-none-eabi/13.3.1/thumb/v6-m/nofp\libg.a(libc_a-mlock.o)
                0x10005ce4                __malloc_lock
 .text.__malloc_unlock
                0x10005cf4       0x10 C:/Users/ppscarvalho/.pico-sdk/toolchain/13_3_Rel1/bin/../lib/gcc/arm-none-eabi/13.3.1/thumb/v6-m/nofp\libg.a(libc_a-mlock.o)
                0x10005cf4                __malloc_unlock
 .text._sbrk_r  0x10005d04       0x24 C:/Users/ppscarvalho/.pico-sdk/toolchain/13_3_Rel1/bin/../lib/gcc/arm-none-eabi/13.3.1/thumb/v6-m/nofp\libg.a(libc_a-sbrkr.o)
                0x10005d04                _sbrk_r
 .text.__errno  0x10005d28        0xc C:/Users/ppscarvalho/.pico-sdk/toolchain/13_3_Rel1/bin/../lib/gcc/arm-none-eabi/13.3.1/thumb/v6-m/nofp\libg.a(libc_a-errno.o)
                0x10005d28                __errno
 .text.__retarget_lock_acquire_recursive
                0x10005d34        0x4 C:/Users/ppscarvalho/.pico-sdk/toolchain/13_3_Rel1/bin/../lib/gcc/arm-none-eabi/13.3.1/thumb/v6-m/nofp\libg.a(libc_a-lock.o)
                0x10005d34                __retarget_lock_acquire_recursive
 .text.__retarget_lock_release_recursive
                0x10005d38        0x4 C:/Users/ppscarvalho/.pico-sdk/toolchain/13_3_Rel1/bin/../lib/gcc/arm-none-eabi/13.3.1/thumb/v6-m/nofp\libg.a(libc_a-lock.o)
                0x10005d38                __retarget_lock_release_recursive
 .text.sysconf  0x10005d3c       0x1c C:/Users/ppscarvalho/.pico-sdk/toolchain/13_3_Rel1/bin/../lib/gcc/arm-none-eabi/13.3.1/thumb/v6-m/nofp\libg.a(libc_a-sysconf.o)
                0x10005d3c                sysconf
 .text.strlen   0x10005d58       0x5c C:/Users/ppscarvalho/.pico-sdk/toolchain/13_3_Rel1/bin/../lib/gcc/arm-none-eabi/13.3.1/thumb/v6-m/nofp\libg.a(libc_a-strlen-stub.o)
                0x10005d58                strlen
 .text._malloc_trim_r
                0x10005db4       0xb4 C:/Users/ppscarvalho/.pico-sdk/toolchain/13_3_Rel1/bin/../lib/gcc/arm-none-eabi/13.3.1/thumb/v6-m/nofp\libg.a(libc_a-freer.o)
                0x10005db4                _malloc_trim_r
 .text._free_r  0x10005e68      0x1d4 C:/Users/ppscarvalho/.pico-sdk/toolchain/13_3_Rel1/bin/../lib/gcc/arm-none-eabi/13.3.1/thumb/v6-m/nofp\libg.a(libc_a-freer.o)
                0x10005e68                _free_r
 *(.fini)
 .fini          0x1000603c        0x4 C:/Users/ppscarvalho/.pico-sdk/toolchain/13_3_Rel1/bin/../lib/gcc/arm-none-eabi/13.3.1/thumb/v6-m/nofp/crti.o
                0x1000603c                _fini
 .fini.__stub   0x10006040       0xc0 linker stubs
 *crtbegin.o(.ctors)
 *crtbegin?.o(.ctors)
 *(EXCLUDE_FILE(*crtend.o *crtend?.o) .ctors)
 *(SORT_BY_NAME(.ctors.*))
 *(.ctors)
 *crtbegin.o(.dtors)
 *crtbegin?.o(.dtors)
 *(EXCLUDE_FILE(*crtend.o *crtend?.o) .dtors)
 *(SORT_BY_NAME(.dtors.*))
 *(.dtors)
                0x10006100                        . = ALIGN (0x4)
                0x10006100                        PROVIDE (__preinit_array_start = .)
 *(SORT_BY_NAME(.preinit_array.*))
 .preinit_array.00100
                0x10006100        0x4 CMakeFiles/ADC_DisplayC.dir/C_/Users/ppscarvalho/.pico-sdk/sdk/2.1.0/src/rp2_common/pico_runtime_init/runtime_init.c.obj
                0x10006100                __pre_init_runtime_init_early_resets
 .preinit_array.00101
                0x10006104        0x4 CMakeFiles/ADC_DisplayC.dir/C_/Users/ppscarvalho/.pico-sdk/sdk/2.1.0/src/rp2_common/pico_runtime_init/runtime_init.c.obj
                0x10006104                __pre_init_runtime_init_usb_power_down
 .preinit_array.00275
                0x10006108        0x4 CMakeFiles/ADC_DisplayC.dir/C_/Users/ppscarvalho/.pico-sdk/sdk/2.1.0/src/rp2_common/pico_bit_ops/bit_ops_aeabi.S.obj
 .preinit_array.00300
                0x1000610c        0x4 CMakeFiles/ADC_DisplayC.dir/C_/Users/ppscarvalho/.pico-sdk/sdk/2.1.0/src/rp2_common/pico_mem_ops/mem_ops_aeabi.S.obj
 .preinit_array.00350
                0x10006110        0x4 CMakeFiles/ADC_DisplayC.dir/C_/Users/ppscarvalho/.pico-sdk/sdk/2.1.0/src/rp2_common/pico_double/double_aeabi_rp2040.S.obj
 .preinit_array.00350
                0x10006114        0x4 CMakeFiles/ADC_DisplayC.dir/C_/Users/ppscarvalho/.pico-sdk/sdk/2.1.0/src/rp2_common/pico_float/float_aeabi_rp2040.S.obj
 .preinit_array.00500
                0x10006118        0x4 CMakeFiles/ADC_DisplayC.dir/C_/Users/ppscarvalho/.pico-sdk/sdk/2.1.0/src/rp2_common/pico_runtime_init/runtime_init.c.obj
                0x10006118                __pre_init_runtime_init_clocks
 .preinit_array.00600
                0x1000611c        0x4 CMakeFiles/ADC_DisplayC.dir/C_/Users/ppscarvalho/.pico-sdk/sdk/2.1.0/src/rp2_common/pico_runtime_init/runtime_init.c.obj
                0x1000611c                __pre_init_runtime_init_post_clock_resets
 .preinit_array.00700
                0x10006120        0x4 CMakeFiles/ADC_DisplayC.dir/C_/Users/ppscarvalho/.pico-sdk/sdk/2.1.0/src/rp2_common/pico_runtime_init/runtime_init.c.obj
                0x10006120                __pre_init_runtime_init_rp2040_gpio_ie_disable
 .preinit_array.01000
                0x10006124        0x4 CMakeFiles/ADC_DisplayC.dir/C_/Users/ppscarvalho/.pico-sdk/sdk/2.1.0/src/rp2_common/pico_runtime_init/runtime_init.c.obj
                0x10006124                __pre_init_runtime_init_spin_locks_reset
 .preinit_array.01100
                0x10006128        0x4 CMakeFiles/ADC_DisplayC.dir/C_/Users/ppscarvalho/.pico-sdk/sdk/2.1.0/src/common/pico_sync/mutex.c.obj
                0x10006128                __pre_init_runtime_init_mutex
 .preinit_array.10080
                0x1000612c        0x4 CMakeFiles/ADC_DisplayC.dir/C_/Users/ppscarvalho/.pico-sdk/sdk/2.1.0/src/rp2_common/pico_runtime_init/runtime_init.c.obj
                0x1000612c                __pre_init_runtime_init_install_ram_vector_table
 .preinit_array.11000
                0x10006130        0x4 CMakeFiles/ADC_DisplayC.dir/C_/Users/ppscarvalho/.pico-sdk/sdk/2.1.0/src/common/pico_time/time.c.obj
                0x10006130                __pre_init_runtime_init_default_alarm_pool
 .preinit_array.YYYYY
                0x10006134        0x4 CMakeFiles/ADC_DisplayC.dir/C_/Users/ppscarvalho/.pico-sdk/sdk/2.1.0/src/rp2_common/pico_runtime/runtime.c.obj
                0x10006134                __pre_init_first_per_core_initializer
 .preinit_array.ZZZZZ.01200
                0x10006138        0x4 CMakeFiles/ADC_DisplayC.dir/C_/Users/ppscarvalho/.pico-sdk/sdk/2.1.0/src/rp2_common/hardware_irq/irq.c.obj
                0x10006138                __pre_init_runtime_init_per_core_irq_priorities
 *(.preinit_array)
                0x1000613c                        PROVIDE (__preinit_array_end = .)
                0x1000613c                        . = ALIGN (0x4)
                0x1000613c                        PROVIDE (__init_array_start = .)
 *(SORT_BY_NAME(.init_array.*))
 *(.init_array)
 .init_array    0x1000613c        0x4 C:/Users/ppscarvalho/.pico-sdk/toolchain/13_3_Rel1/bin/../lib/gcc/arm-none-eabi/13.3.1/thumb/v6-m/nofp/crtbegin.o
 .init_array    0x10006140        0x4 CMakeFiles/ADC_DisplayC.dir/C_/Users/ppscarvalho/.pico-sdk/sdk/2.1.0/src/rp2_common/pico_unique_id/unique_id.c.obj
                0x10006144                        PROVIDE (__init_array_end = .)
                0x10006144                        . = ALIGN (0x4)
                [!provide]                        PROVIDE (__fini_array_start = .)
 *(SORT_BY_NAME(.fini_array.*))
 *(.fini_array)
                [!provide]                        PROVIDE (__fini_array_end = .)
 *(.eh_frame*)
 .eh_frame      0x10006144        0x0 C:/Users/ppscarvalho/.pico-sdk/toolchain/13_3_Rel1/bin/../lib/gcc/arm-none-eabi/13.3.1/thumb/v6-m/nofp/crtbegin.o
                0x10006144                        . = ALIGN (0x4)

.glue_7         0x10006144        0x0
 .glue_7        0x10006144        0x0 linker stubs

.glue_7t        0x10006144        0x0
 .glue_7t       0x10006144        0x0 linker stubs

.vfp11_veneer   0x10006144        0x0
 .vfp11_veneer  0x10006144        0x0 linker stubs

.v4_bx          0x10006144        0x0
 .v4_bx         0x10006144        0x0 linker stubs

.iplt           0x10006144        0x0
 .iplt          0x10006144        0x0 C:/Users/ppscarvalho/.pico-sdk/toolchain/13_3_Rel1/bin/../lib/gcc/arm-none-eabi/13.3.1/thumb/v6-m/nofp/crtbegin.o

.rodata         0x10006144      0x434
 *(EXCLUDE_FILE(*libm.a: *libc.a:*lib_a-mem*.o *libgcc.a:) .rodata*)
 .rodata.panic.str1.4
                0x10006144      0x170 CMakeFiles/ADC_DisplayC.dir/C_/Users/ppscarvalho/.pico-sdk/sdk/2.1.0/src/rp2_common/pico_platform_panic/panic.c.obj
                                 0x12 (size before relaxing)
 .rodata.spin_lock_claim_unused.str1.4
                0x100062b4       0x1b CMakeFiles/ADC_DisplayC.dir/C_/Users/ppscarvalho/.pico-sdk/sdk/2.1.0/src/rp2_common/hardware_sync/sync.c.obj
 .rodata.user_irq_claim_unused.str1.4
                0x100062b4       0x1b CMakeFiles/ADC_DisplayC.dir/C_/Users/ppscarvalho/.pico-sdk/sdk/2.1.0/src/rp2_common/hardware_irq/irq.c.obj
 .rodata.timer_hardware_alarm_claim.str1.4
                0x100062b4       0x22 CMakeFiles/ADC_DisplayC.dir/C_/Users/ppscarvalho/.pico-sdk/sdk/2.1.0/src/rp2_common/hardware_timer/timer.c.obj
 .rodata.hard_assertion_failure.str1.4
                0x100062b4        0xc CMakeFiles/ADC_DisplayC.dir/C_/Users/ppscarvalho/.pico-sdk/sdk/2.1.0/src/rp2_common/pico_runtime/runtime.c.obj
 .rodata.__wrap_malloc.str1.4
                0x100062b4        0xe CMakeFiles/ADC_DisplayC.dir/C_/Users/ppscarvalho/.pico-sdk/sdk/2.1.0/src/rp2_common/pico_malloc/malloc.c.obj
 .rodata.str1.4
                0x100062b4       0x48 CMakeFiles/ADC_DisplayC.dir/C_/Users/ppscarvalho/.pico-sdk/sdk/2.1.0/src/rp2_common/pico_standard_binary_info/standard_binary_info.c.obj
 .rodata.__bi_84
                0x100062b4        0xc CMakeFiles/ADC_DisplayC.dir/C_/Users/ppscarvalho/.pico-sdk/sdk/2.1.0/src/rp2_common/pico_standard_binary_info/standard_binary_info.c.obj
 .rodata.__bi_78
                0x100062c0        0xc CMakeFiles/ADC_DisplayC.dir/C_/Users/ppscarvalho/.pico-sdk/sdk/2.1.0/src/rp2_common/pico_standard_binary_info/standard_binary_info.c.obj
 .rodata.__bi_60
                0x100062cc        0xc CMakeFiles/ADC_DisplayC.dir/C_/Users/ppscarvalho/.pico-sdk/sdk/2.1.0/src/rp2_common/pico_standard_binary_info/standard_binary_info.c.obj
 .rodata.__bi_54
                0x100062d8        0xc CMakeFiles/ADC_DisplayC.dir/C_/Users/ppscarvalho/.pico-sdk/sdk/2.1.0/src/rp2_common/pico_standard_binary_info/standard_binary_info.c.obj
 .rodata.__bi_48
                0x100062e4        0xc CMakeFiles/ADC_DisplayC.dir/C_/Users/ppscarvalho/.pico-sdk/sdk/2.1.0/src/rp2_common/pico_standard_binary_info/standard_binary_info.c.obj
 .rodata.__bi_42
                0x100062f0        0xc CMakeFiles/ADC_DisplayC.dir/C_/Users/ppscarvalho/.pico-sdk/sdk/2.1.0/src/rp2_common/pico_standard_binary_info/standard_binary_info.c.obj
 .rodata.__bi_34
                0x100062fc        0xc CMakeFiles/ADC_DisplayC.dir/C_/Users/ppscarvalho/.pico-sdk/sdk/2.1.0/src/rp2_common/pico_standard_binary_info/standard_binary_info.c.obj
 .rodata.__bi_26
                0x10006308        0xc CMakeFiles/ADC_DisplayC.dir/C_/Users/ppscarvalho/.pico-sdk/sdk/2.1.0/src/rp2_common/pico_standard_binary_info/standard_binary_info.c.obj
 .rodata.crlf_str.0
                0x10006314        0x2 CMakeFiles/ADC_DisplayC.dir/C_/Users/ppscarvalho/.pico-sdk/sdk/2.1.0/src/rp2_common/pico_stdio/stdio.c.obj
 *fill*         0x10006316        0x2 
 .rodata._resetd_driver
                0x10006318       0x20 CMakeFiles/ADC_DisplayC.dir/C_/Users/ppscarvalho/.pico-sdk/sdk/2.1.0/src/rp2_common/pico_stdio_usb/reset_interface.c.obj
 .rodata.desc_ms_os_20
                0x10006338       0xa6 CMakeFiles/ADC_DisplayC.dir/C_/Users/ppscarvalho/.pico-sdk/sdk/2.1.0/src/rp2_common/pico_stdio_usb/reset_interface.c.obj
 *fill*         0x100063de        0x2 
 .rodata.desc_bos
                0x100063e0       0x21 CMakeFiles/ADC_DisplayC.dir/C_/Users/ppscarvalho/.pico-sdk/sdk/2.1.0/src/rp2_common/pico_stdio_usb/reset_interface.c.obj
                0x100063e0                desc_bos
 .rodata.str1.4
                0x10006401       0x13 CMakeFiles/ADC_DisplayC.dir/C_/Users/ppscarvalho/.pico-sdk/sdk/2.1.0/src/rp2_common/pico_stdio_usb/stdio_usb.c.obj
 *fill*         0x10006401        0x3 
 .rodata.__bi_197.0
                0x10006404        0xc CMakeFiles/ADC_DisplayC.dir/C_/Users/ppscarvalho/.pico-sdk/sdk/2.1.0/src/rp2_common/pico_stdio_usb/stdio_usb.c.obj
 .rodata.str1.4
                0x10006410       0x2a CMakeFiles/ADC_DisplayC.dir/C_/Users/ppscarvalho/.pico-sdk/sdk/2.1.0/src/rp2_common/pico_stdio_usb/stdio_usb_descriptors.c.obj
 .rodata.usbd_desc_str
                0x10006410       0x18 CMakeFiles/ADC_DisplayC.dir/C_/Users/ppscarvalho/.pico-sdk/sdk/2.1.0/src/rp2_common/pico_stdio_usb/stdio_usb_descriptors.c.obj
 .rodata.usbd_desc_cfg
                0x10006428       0x54 CMakeFiles/ADC_DisplayC.dir/C_/Users/ppscarvalho/.pico-sdk/sdk/2.1.0/src/rp2_common/pico_stdio_usb/stdio_usb_descriptors.c.obj
 .rodata.usbd_desc_device
                0x1000647c       0x12 CMakeFiles/ADC_DisplayC.dir/C_/Users/ppscarvalho/.pico-sdk/sdk/2.1.0/src/rp2_common/pico_stdio_usb/stdio_usb_descriptors.c.obj
 .rodata.str1.4
                0x1000648e       0x14 CMakeFiles/ADC_DisplayC.dir/C_/Users/ppscarvalho/.pico-sdk/sdk/2.1.0/lib/tinyusb/src/portable/raspberrypi/rp2040/dcd_rp2040.c.obj
 .rodata.str1.4
                0x1000648e       0x48 CMakeFiles/ADC_DisplayC.dir/C_/Users/ppscarvalho/.pico-sdk/sdk/2.1.0/lib/tinyusb/src/portable/raspberrypi/rp2040/rp2040_usb.c.obj
 *fill*         0x1000648e        0x2 
 .rodata.tud_task_ext
                0x10006490       0x8c CMakeFiles/ADC_DisplayC.dir/C_/Users/ppscarvalho/.pico-sdk/sdk/2.1.0/lib/tinyusb/src/device/usbd.c.obj
 .rodata        0x1000651c       0x1c CMakeFiles/ADC_DisplayC.dir/C_/Users/ppscarvalho/.pico-sdk/sdk/2.1.0/lib/tinyusb/src/device/usbd.c.obj
 .rodata._usbd_driver
                0x10006538       0x40 CMakeFiles/ADC_DisplayC.dir/C_/Users/ppscarvalho/.pico-sdk/sdk/2.1.0/lib/tinyusb/src/device/usbd.c.obj
                0x10006578                        . = ALIGN (0x4)
 *(SORT_BY_ALIGNMENT(SORT_BY_NAME(.flashdata*)))
                0x10006578                        . = ALIGN (0x4)

.ARM.extab
 *(.ARM.extab* .gnu.linkonce.armextab.*)
                0x10006578                        __exidx_start = .

.ARM.exidx
 *(.ARM.exidx* .gnu.linkonce.armexidx.*)
                0x10006578                        __exidx_end = .
                0x10006578                        . = ALIGN (0x4)
                0x10006578                        __binary_info_start = .

.binary_info    0x10006578       0x24
 *(.binary_info.keep.*)
 .binary_info.keep.__bi_ptr84
                0x10006578        0x4 CMakeFiles/ADC_DisplayC.dir/C_/Users/ppscarvalho/.pico-sdk/sdk/2.1.0/src/rp2_common/pico_standard_binary_info/standard_binary_info.c.obj
 .binary_info.keep.__bi_ptr78
                0x1000657c        0x4 CMakeFiles/ADC_DisplayC.dir/C_/Users/ppscarvalho/.pico-sdk/sdk/2.1.0/src/rp2_common/pico_standard_binary_info/standard_binary_info.c.obj
 .binary_info.keep.__bi_ptr60
                0x10006580        0x4 CMakeFiles/ADC_DisplayC.dir/C_/Users/ppscarvalho/.pico-sdk/sdk/2.1.0/src/rp2_common/pico_standard_binary_info/standard_binary_info.c.obj
 .binary_info.keep.__bi_ptr54
                0x10006584        0x4 CMakeFiles/ADC_DisplayC.dir/C_/Users/ppscarvalho/.pico-sdk/sdk/2.1.0/src/rp2_common/pico_standard_binary_info/standard_binary_info.c.obj
 .binary_info.keep.__bi_ptr48
                0x10006588        0x4 CMakeFiles/ADC_DisplayC.dir/C_/Users/ppscarvalho/.pico-sdk/sdk/2.1.0/src/rp2_common/pico_standard_binary_info/standard_binary_info.c.obj
 .binary_info.keep.__bi_ptr42
                0x1000658c        0x4 CMakeFiles/ADC_DisplayC.dir/C_/Users/ppscarvalho/.pico-sdk/sdk/2.1.0/src/rp2_common/pico_standard_binary_info/standard_binary_info.c.obj
 .binary_info.keep.__bi_ptr34
                0x10006590        0x4 CMakeFiles/ADC_DisplayC.dir/C_/Users/ppscarvalho/.pico-sdk/sdk/2.1.0/src/rp2_common/pico_standard_binary_info/standard_binary_info.c.obj
 .binary_info.keep.__bi_ptr26
                0x10006594        0x4 CMakeFiles/ADC_DisplayC.dir/C_/Users/ppscarvalho/.pico-sdk/sdk/2.1.0/src/rp2_common/pico_standard_binary_info/standard_binary_info.c.obj
 *(.binary_info.*)
 .binary_info.__bi_ptr197
                0x10006598        0x4 CMakeFiles/ADC_DisplayC.dir/C_/Users/ppscarvalho/.pico-sdk/sdk/2.1.0/src/rp2_common/pico_stdio_usb/stdio_usb.c.obj
                0x1000659c                        __binary_info_end = .

.rel.dyn        0x1000659c        0x0
 .rel.iplt      0x1000659c        0x0 C:/Users/ppscarvalho/.pico-sdk/toolchain/13_3_Rel1/bin/../lib/gcc/arm-none-eabi/13.3.1/thumb/v6-m/nofp/crtbegin.o
                0x1000659c                        . = ALIGN (0x4)

.ram_vector_table
                0x20000000       0xc0
 *(.ram_vector_table)
 .ram_vector_table
                0x20000000       0xc0 CMakeFiles/ADC_DisplayC.dir/C_/Users/ppscarvalho/.pico-sdk/sdk/2.1.0/src/rp2_common/pico_runtime_init/runtime_init.c.obj
                0x20000000                ram_vector_table

.uninitialized_data
                0x200000c0        0x0
                0x200000c0                        . = ALIGN (0x4)
 *(.uninitialized_data*)

.data           0x200000c0     0x1518 load address 0x1000659c
                0x200000c0                        __data_start__ = .
 *(vtable)
 *(.time_critical*)
 .time_critical.mutex_try_enter
                0x200000c0       0x40 CMakeFiles/ADC_DisplayC.dir/C_/Users/ppscarvalho/.pico-sdk/sdk/2.1.0/src/common/pico_sync/mutex.c.obj
                0x200000c0                mutex_try_enter
 .time_critical.mutex_try_enter_block_until
                0x20000100       0x9c CMakeFiles/ADC_DisplayC.dir/C_/Users/ppscarvalho/.pico-sdk/sdk/2.1.0/src/common/pico_sync/mutex.c.obj
                0x20000100                mutex_try_enter_block_until
 .time_critical.mutex_enter_timeout_ms
                0x2000019c       0x90 CMakeFiles/ADC_DisplayC.dir/C_/Users/ppscarvalho/.pico-sdk/sdk/2.1.0/src/common/pico_sync/mutex.c.obj
                0x2000019c                mutex_enter_timeout_ms
 .time_critical.mutex_exit
                0x2000022c       0x28 CMakeFiles/ADC_DisplayC.dir/C_/Users/ppscarvalho/.pico-sdk/sdk/2.1.0/src/common/pico_sync/mutex.c.obj
                0x2000022c                mutex_exit
 .time_critical.flash_init_boot2_copyout
                0x20000254       0x30 CMakeFiles/ADC_DisplayC.dir/C_/Users/ppscarvalho/.pico-sdk/sdk/2.1.0/src/rp2_common/hardware_flash/flash.c.obj
 .time_critical.flash_enable_xip_via_boot2
                0x20000284        0xc CMakeFiles/ADC_DisplayC.dir/C_/Users/ppscarvalho/.pico-sdk/sdk/2.1.0/src/rp2_common/hardware_flash/flash.c.obj
 .time_critical.flash_cs_force
                0x20000290       0x38 CMakeFiles/ADC_DisplayC.dir/C_/Users/ppscarvalho/.pico-sdk/sdk/2.1.0/src/rp2_common/hardware_flash/flash.c.obj
 .time_critical.flash_do_cmd
                0x200002c8       0xc0 CMakeFiles/ADC_DisplayC.dir/C_/Users/ppscarvalho/.pico-sdk/sdk/2.1.0/src/rp2_common/hardware_flash/flash.c.obj
                0x200002c8                flash_do_cmd
 .time_critical.reset_non_control_endpoints
                0x20000388       0x68 CMakeFiles/ADC_DisplayC.dir/C_/Users/ppscarvalho/.pico-sdk/sdk/2.1.0/lib/tinyusb/src/portable/raspberrypi/rp2040/dcd_rp2040.c.obj
 .time_critical.hw_handle_buff_status
                0x200003f0       0xb0 CMakeFiles/ADC_DisplayC.dir/C_/Users/ppscarvalho/.pico-sdk/sdk/2.1.0/lib/tinyusb/src/portable/raspberrypi/rp2040/dcd_rp2040.c.obj
 .time_critical.dcd_rp2040_irq
                0x200004a0      0x578 CMakeFiles/ADC_DisplayC.dir/C_/Users/ppscarvalho/.pico-sdk/sdk/2.1.0/lib/tinyusb/src/portable/raspberrypi/rp2040/dcd_rp2040.c.obj
 .time_critical.prepare_ep_buffer
                0x20000a18       0xe0 CMakeFiles/ADC_DisplayC.dir/C_/Users/ppscarvalho/.pico-sdk/sdk/2.1.0/lib/tinyusb/src/portable/raspberrypi/rp2040/rp2040_usb.c.obj
 .time_critical.sync_ep_buffer
                0x20000af8       0xa8 CMakeFiles/ADC_DisplayC.dir/C_/Users/ppscarvalho/.pico-sdk/sdk/2.1.0/lib/tinyusb/src/portable/raspberrypi/rp2040/rp2040_usb.c.obj
 .time_critical._hw_endpoint_xfer_sync
                0x20000ba0       0x28 CMakeFiles/ADC_DisplayC.dir/C_/Users/ppscarvalho/.pico-sdk/sdk/2.1.0/lib/tinyusb/src/portable/raspberrypi/rp2040/rp2040_usb.c.obj
 .time_critical.e15_is_bulkin_ep
                0x20000bc8       0x28 CMakeFiles/ADC_DisplayC.dir/C_/Users/ppscarvalho/.pico-sdk/sdk/2.1.0/lib/tinyusb/src/portable/raspberrypi/rp2040/rp2040_usb.c.obj
 .time_critical.e15_is_critical_frame_period
                0x20000bf0       0x34 CMakeFiles/ADC_DisplayC.dir/C_/Users/ppscarvalho/.pico-sdk/sdk/2.1.0/lib/tinyusb/src/portable/raspberrypi/rp2040/rp2040_usb.c.obj
 .time_critical.hw_endpoint_reset_transfer
                0x20000c24        0xc CMakeFiles/ADC_DisplayC.dir/C_/Users/ppscarvalho/.pico-sdk/sdk/2.1.0/lib/tinyusb/src/portable/raspberrypi/rp2040/rp2040_usb.c.obj
                0x20000c24                hw_endpoint_reset_transfer
 .time_critical._hw_endpoint_buffer_control_update32
                0x20000c30       0x50 CMakeFiles/ADC_DisplayC.dir/C_/Users/ppscarvalho/.pico-sdk/sdk/2.1.0/lib/tinyusb/src/portable/raspberrypi/rp2040/rp2040_usb.c.obj
                0x20000c30                _hw_endpoint_buffer_control_update32
 .time_critical.hw_endpoint_start_next_buffer
                0x20000c80       0x6c CMakeFiles/ADC_DisplayC.dir/C_/Users/ppscarvalho/.pico-sdk/sdk/2.1.0/lib/tinyusb/src/portable/raspberrypi/rp2040/rp2040_usb.c.obj
                0x20000c80                hw_endpoint_start_next_buffer
 .time_critical.hw_endpoint_xfer_continue
                0x20000cec       0x40 CMakeFiles/ADC_DisplayC.dir/C_/Users/ppscarvalho/.pico-sdk/sdk/2.1.0/lib/tinyusb/src/portable/raspberrypi/rp2040/rp2040_usb.c.obj
                0x20000cec                hw_endpoint_xfer_continue
 .time_critical.tinyusb
                0x20000d2c      0x1e4 CMakeFiles/ADC_DisplayC.dir/C_/Users/ppscarvalho/.pico-sdk/sdk/2.1.0/lib/tinyusb/src/device/usbd.c.obj
                0x20000d2c                dcd_event_handler
 *(.text*)
 .text          0x20000f10        0x4 C:/Users/ppscarvalho/.pico-sdk/toolchain/13_3_Rel1/bin/../lib/gcc/arm-none-eabi/13.3.1/thumb/v6-m/nofp\libgcc.a(_dvmd_tls.o)
                0x20000f10                __aeabi_idiv0
                0x20000f10                __aeabi_ldiv0
 *fill*         0x20000f14        0x4 
 .text.__stub   0x20000f18       0x80 linker stubs
                0x20000f98                        . = ALIGN (0x4)
 *(.rodata*)
                0x20000f98                        . = ALIGN (0x4)
 *(.data*)
 .data.cor      0x20000f98        0x1 CMakeFiles/ADC_DisplayC.dir/ADC_DisplayC.c.obj
                0x20000f98                cor
 *fill*         0x20000f99        0x3 
 .data.pwm_wrap
                0x20000f9c        0x4 CMakeFiles/ADC_DisplayC.dir/ADC_DisplayC.c.obj
                0x20000f9c                pwm_wrap
 .data.pwm_enabled
                0x20000fa0        0x1 CMakeFiles/ADC_DisplayC.dir/ADC_DisplayC.c.obj
                0x20000fa0                pwm_enabled
 .data.striped_spin_lock_num
                0x20000fa1        0x1 CMakeFiles/ADC_DisplayC.dir/C_/Users/ppscarvalho/.pico-sdk/sdk/2.1.0/src/rp2_common/hardware_sync/sync.c.obj
 *fill*         0x20000fa2        0x2 
 .data          0x20000fa4       0x48 CMakeFiles/ADC_DisplayC.dir/C_/Users/ppscarvalho/.pico-sdk/sdk/2.1.0/src/rp2_common/hardware_irq/irq_handler_chain.S.obj
                0x20000fa4                irq_handler_chain_slots
                0x20000fd4                irq_handler_chain_first_slot
                0x20000fde                irq_handler_chain_remove_tail
 .data.default_alarm_pool
                0x20000fec       0x18 CMakeFiles/ADC_DisplayC.dir/C_/Users/ppscarvalho/.pico-sdk/sdk/2.1.0/src/common/pico_time/time.c.obj
 *fill*         0x20001004        0xc 
 .data.aeabi_bits_funcs
                0x20001010       0x10 CMakeFiles/ADC_DisplayC.dir/C_/Users/ppscarvalho/.pico-sdk/sdk/2.1.0/src/rp2_common/pico_bit_ops/bit_ops_aeabi.S.obj
                0x20001010                aeabi_bits_funcs
                0x20001020                aeabi_bits_funcs_end
 .data.aeabi_mem_funcs
                0x20001020       0x10 CMakeFiles/ADC_DisplayC.dir/C_/Users/ppscarvalho/.pico-sdk/sdk/2.1.0/src/rp2_common/pico_mem_ops/mem_ops_aeabi.S.obj
                0x20001020                aeabi_mem_funcs
                0x20001030                aeabi_mem_funcs_end
 .data.stdio_usb
                0x20001030       0x18 CMakeFiles/ADC_DisplayC.dir/C_/Users/ppscarvalho/.pico-sdk/sdk/2.1.0/src/rp2_common/pico_stdio_usb/stdio_usb.c.obj
                0x20001030                stdio_usb
 .data._usbd_qdef
                0x20001048       0x1c CMakeFiles/ADC_DisplayC.dir/C_/Users/ppscarvalho/.pico-sdk/sdk/2.1.0/lib/tinyusb/src/device/usbd.c.obj
                0x20001048                _usbd_qdef
 .data._usbd_rhport
                0x20001064        0x1 CMakeFiles/ADC_DisplayC.dir/C_/Users/ppscarvalho/.pico-sdk/sdk/2.1.0/lib/tinyusb/src/device/usbd.c.obj
 *fill*         0x20001065        0x3 
 .data.i2c1_inst
                0x20001068        0x8 CMakeFiles/ADC_DisplayC.dir/C_/Users/ppscarvalho/.pico-sdk/sdk/2.1.0/src/rp2_common/hardware_i2c/i2c.c.obj
                0x20001068                i2c1_inst
 .data.i2c0_inst
                0x20001070        0x8 CMakeFiles/ADC_DisplayC.dir/C_/Users/ppscarvalho/.pico-sdk/sdk/2.1.0/src/rp2_common/hardware_i2c/i2c.c.obj
                0x20001070                i2c0_inst
 .data.__malloc_sbrk_base
                0x20001078        0x4 C:/Users/ppscarvalho/.pico-sdk/toolchain/13_3_Rel1/bin/../lib/gcc/arm-none-eabi/13.3.1/thumb/v6-m/nofp\libg.a(libc_a-mallocr.o)
                0x20001078                __malloc_sbrk_base
 .data.__malloc_trim_threshold
                0x2000107c        0x4 C:/Users/ppscarvalho/.pico-sdk/toolchain/13_3_Rel1/bin/../lib/gcc/arm-none-eabi/13.3.1/thumb/v6-m/nofp\libg.a(libc_a-mallocr.o)
                0x2000107c                __malloc_trim_threshold
 .data.__malloc_av_
                0x20001080      0x408 C:/Users/ppscarvalho/.pico-sdk/toolchain/13_3_Rel1/bin/../lib/gcc/arm-none-eabi/13.3.1/thumb/v6-m/nofp\libg.a(libc_a-mallocr.o)
                0x20001080                __malloc_av_
 .data._impure_ptr
                0x20001488        0x4 C:/Users/ppscarvalho/.pico-sdk/toolchain/13_3_Rel1/bin/../lib/gcc/arm-none-eabi/13.3.1/thumb/v6-m/nofp\libg.a(libc_a-impure.o)
                0x20001488                _impure_ptr
 *fill*         0x2000148c        0x4 
 .data._impure_data
                0x20001490      0x140 C:/Users/ppscarvalho/.pico-sdk/toolchain/13_3_Rel1/bin/../lib/gcc/arm-none-eabi/13.3.1/thumb/v6-m/nofp\libg.a(libc_a-impure.o)
                0x20001490                _impure_data
                0x200015d0                        . = ALIGN (0x4)
 *(.after_data.*)
                0x200015d0                        . = ALIGN (0x4)
                0x200015d0                        PROVIDE (__mutex_array_start = .)
 *(SORT_BY_NAME(.mutex_array.*))
 *(.mutex_array)
 .mutex_array   0x200015d0        0x8 CMakeFiles/ADC_DisplayC.dir/C_/Users/ppscarvalho/.pico-sdk/sdk/2.1.0/src/rp2_common/pico_stdio/stdio.c.obj
                0x200015d8                        PROVIDE (__mutex_array_end = .)
                0x200015d8                        . = ALIGN (0x4)
 *(.jcr)
                0x200015d8                        . = ALIGN (0x4)

.tm_clone_table
                0x200015d8        0x0 load address 0x10007ab4
 .tm_clone_table
                0x200015d8        0x0 C:/Users/ppscarvalho/.pico-sdk/toolchain/13_3_Rel1/bin/../lib/gcc/arm-none-eabi/13.3.1/thumb/v6-m/nofp/crtbegin.o
 .tm_clone_table
                0x200015d8        0x0 C:/Users/ppscarvalho/.pico-sdk/toolchain/13_3_Rel1/bin/../lib/gcc/arm-none-eabi/13.3.1/thumb/v6-m/nofp/crtend.o

.igot.plt       0x200015d8        0x0 load address 0x10007ab4
 .igot.plt      0x200015d8        0x0 C:/Users/ppscarvalho/.pico-sdk/toolchain/13_3_Rel1/bin/../lib/gcc/arm-none-eabi/13.3.1/thumb/v6-m/nofp/crtbegin.o

.tdata          0x200015d8        0x0 load address 0x10007ab4
                0x200015d8                        . = ALIGN (0x4)
 *(.tdata .tdata.* .gnu.linkonce.td.*)
                0x200015d8                        __tdata_end = .
                0x200015d8                        PROVIDE (__data_end__ = .)
                0x1000659c                        __etext = LOADADDR (.data)

.tbss           0x200015d8        0x0 load address 0x10007ab4
                0x200015d8                        . = ALIGN (0x4)
                0x200015d8                        __bss_start__ = .
                0x200015d8                        __tls_base = .
 *(.tbss .tbss.* .gnu.linkonce.tb.*)
 *(.tcommon)
                0x200015d8                        __tls_end = .

.bss            0x200015d8     0x11f0 load address 0x10007ab4
                0x200015d8                        . = ALIGN (0x4)
                0x200015d8                        __tbss_end = .
 *(SORT_BY_ALIGNMENT(SORT_BY_NAME(.bss*)))
 .bss.default_alarm_pool_entries
                0x200015d8      0x180 CMakeFiles/ADC_DisplayC.dir/C_/Users/ppscarvalho/.pico-sdk/sdk/2.1.0/src/common/pico_time/time.c.obj
 .bss.last_avail_time.1
                0x20001758        0x8 CMakeFiles/ADC_DisplayC.dir/C_/Users/ppscarvalho/.pico-sdk/sdk/2.1.0/src/rp2_common/pico_stdio_usb/stdio_usb.c.obj
 .bss.sd_table  0x20001760      0x100 CMakeFiles/ADC_DisplayC.dir/C_/Users/ppscarvalho/.pico-sdk/sdk/2.1.0/src/rp2_common/pico_double/double_init_rom_rp2040.c.obj
                0x20001760                sd_table
 .bss.sf_table  0x20001860      0x100 CMakeFiles/ADC_DisplayC.dir/C_/Users/ppscarvalho/.pico-sdk/sdk/2.1.0/src/rp2_common/pico_float/float_init_rom_rp2040.c.obj
                0x20001860                sf_table
 .bss.__lock___malloc_recursive_mutex
                0x20001960        0x1 C:/Users/ppscarvalho/.pico-sdk/toolchain/13_3_Rel1/bin/../lib/gcc/arm-none-eabi/13.3.1/thumb/v6-m/nofp\libg.a(libc_a-lock.o)
                0x20001960                __lock___malloc_recursive_mutex
 *fill*         0x20001961        0x3 
 .bss.__malloc_current_mallinfo
                0x20001964       0x28 C:/Users/ppscarvalho/.pico-sdk/toolchain/13_3_Rel1/bin/../lib/gcc/arm-none-eabi/13.3.1/thumb/v6-m/nofp\libg.a(libc_a-mallocr.o)
                0x20001964                __malloc_current_mallinfo
 .bss.__malloc_max_sbrked_mem
                0x2000198c        0x4 C:/Users/ppscarvalho/.pico-sdk/toolchain/13_3_Rel1/bin/../lib/gcc/arm-none-eabi/13.3.1/thumb/v6-m/nofp\libg.a(libc_a-mallocr.o)
                0x2000198c                __malloc_max_sbrked_mem
 .bss.__malloc_max_total_mem
                0x20001990        0x4 C:/Users/ppscarvalho/.pico-sdk/toolchain/13_3_Rel1/bin/../lib/gcc/arm-none-eabi/13.3.1/thumb/v6-m/nofp\libg.a(libc_a-mallocr.o)
                0x20001990                __malloc_max_total_mem
 .bss.__malloc_top_pad
                0x20001994        0x4 C:/Users/ppscarvalho/.pico-sdk/toolchain/13_3_Rel1/bin/../lib/gcc/arm-none-eabi/13.3.1/thumb/v6-m/nofp\libg.a(libc_a-mallocr.o)
                0x20001994                __malloc_top_pad
 .bss.__sf      0x20001998      0x138 C:/Users/ppscarvalho/.pico-sdk/toolchain/13_3_Rel1/bin/../lib/gcc/arm-none-eabi/13.3.1/thumb/v6-m/nofp\libg.a(libc_a-findfp.o)
                0x20001998                __sf
 .bss._app_driver
                0x20001ad0        0x4 CMakeFiles/ADC_DisplayC.dir/C_/Users/ppscarvalho/.pico-sdk/sdk/2.1.0/lib/tinyusb/src/device/usbd.c.obj
 .bss._cdcd_fifo_cfg
                0x20001ad4        0x1 CMakeFiles/ADC_DisplayC.dir/C_/Users/ppscarvalho/.pico-sdk/sdk/2.1.0/lib/tinyusb/src/class/cdc/cdc_device.c.obj
 *fill*         0x20001ad5        0x3 
 .bss._cdcd_itf
                0x20001ad8      0x2c8 CMakeFiles/ADC_DisplayC.dir/C_/Users/ppscarvalho/.pico-sdk/sdk/2.1.0/lib/tinyusb/src/class/cdc/cdc_device.c.obj
 .bss._ctrl_xfer
                0x20001da0       0x14 CMakeFiles/ADC_DisplayC.dir/C_/Users/ppscarvalho/.pico-sdk/sdk/2.1.0/lib/tinyusb/src/device/usbd_control.c.obj
 .bss._ubsd_mutexdef
                0x20001db4        0x8 CMakeFiles/ADC_DisplayC.dir/C_/Users/ppscarvalho/.pico-sdk/sdk/2.1.0/lib/tinyusb/src/device/usbd.c.obj
 .bss._usbd_ctrl_buf
                0x20001dbc       0x40 CMakeFiles/ADC_DisplayC.dir/C_/Users/ppscarvalho/.pico-sdk/sdk/2.1.0/lib/tinyusb/src/device/usbd_control.c.obj
 .bss._usbd_dev
                0x20001dfc       0x54 CMakeFiles/ADC_DisplayC.dir/C_/Users/ppscarvalho/.pico-sdk/sdk/2.1.0/lib/tinyusb/src/device/usbd.c.obj
 .bss._usbd_mutex
                0x20001e50        0x4 CMakeFiles/ADC_DisplayC.dir/C_/Users/ppscarvalho/.pico-sdk/sdk/2.1.0/lib/tinyusb/src/device/usbd.c.obj
 .bss._usbd_q   0x20001e54        0x4 CMakeFiles/ADC_DisplayC.dir/C_/Users/ppscarvalho/.pico-sdk/sdk/2.1.0/lib/tinyusb/src/device/usbd.c.obj
 .bss._usbd_qdef_buf
                0x20001e58       0xc0 CMakeFiles/ADC_DisplayC.dir/C_/Users/ppscarvalho/.pico-sdk/sdk/2.1.0/lib/tinyusb/src/device/usbd.c.obj
                0x20001e58                _usbd_qdef_buf
 .bss._vendord_itf
                0x20001f18      0x2cc CMakeFiles/ADC_DisplayC.dir/C_/Users/ppscarvalho/.pico-sdk/sdk/2.1.0/lib/tinyusb/src/class/vendor/vendor_device.c.obj
 .bss.boot2_copyout
                0x200021e4      0x100 CMakeFiles/ADC_DisplayC.dir/C_/Users/ppscarvalho/.pico-sdk/sdk/2.1.0/src/rp2_common/hardware_flash/flash.c.obj
 .bss.chars_available_callback
                0x200022e4        0x4 CMakeFiles/ADC_DisplayC.dir/C_/Users/ppscarvalho/.pico-sdk/sdk/2.1.0/src/rp2_common/pico_stdio_usb/stdio_usb.c.obj
 .bss.chars_available_param
                0x200022e8        0x4 CMakeFiles/ADC_DisplayC.dir/C_/Users/ppscarvalho/.pico-sdk/sdk/2.1.0/src/rp2_common/pico_stdio_usb/stdio_usb.c.obj
 .bss.claimed   0x200022ec        0x4 CMakeFiles/ADC_DisplayC.dir/C_/Users/ppscarvalho/.pico-sdk/sdk/2.1.0/src/rp2_common/hardware_sync/sync.c.obj
 .bss.claimed   0x200022f0        0x1 CMakeFiles/ADC_DisplayC.dir/C_/Users/ppscarvalho/.pico-sdk/sdk/2.1.0/src/rp2_common/hardware_timer/timer.c.obj
 *fill*         0x200022f1        0x3 
 .bss.configured_freq
                0x200022f4       0x28 CMakeFiles/ADC_DisplayC.dir/C_/Users/ppscarvalho/.pico-sdk/sdk/2.1.0/src/rp2_common/hardware_clocks/clocks.c.obj
 .bss.desc_str.0
                0x2000231c       0x28 CMakeFiles/ADC_DisplayC.dir/C_/Users/ppscarvalho/.pico-sdk/sdk/2.1.0/src/rp2_common/pico_stdio_usb/stdio_usb_descriptors.c.obj
 .bss.drivers   0x20002344        0x4 CMakeFiles/ADC_DisplayC.dir/C_/Users/ppscarvalho/.pico-sdk/sdk/2.1.0/src/rp2_common/pico_stdio/stdio.c.obj
 .bss.e15_last_sof
                0x20002348        0x4 CMakeFiles/ADC_DisplayC.dir/C_/Users/ppscarvalho/.pico-sdk/sdk/2.1.0/lib/tinyusb/src/portable/raspberrypi/rp2040/rp2040_usb.c.obj
                0x20002348                e15_last_sof
 .bss.errno     0x2000234c        0x4 C:/Users/ppscarvalho/.pico-sdk/toolchain/13_3_Rel1/bin/../lib/gcc/arm-none-eabi/13.3.1/thumb/v6-m/nofp\libg.a(libc_a-reent.o)
                0x2000234c                errno
 .bss.filter    0x20002350        0x4 CMakeFiles/ADC_DisplayC.dir/C_/Users/ppscarvalho/.pico-sdk/sdk/2.1.0/src/rp2_common/pico_stdio/stdio.c.obj
 .bss.heap_end.0
                0x20002354        0x4 CMakeFiles/ADC_DisplayC.dir/C_/Users/ppscarvalho/.pico-sdk/sdk/2.1.0/src/rp2_common/pico_clib_interface/newlib_interface.c.obj
 .bss.hw_endpoints
                0x20002358      0x400 CMakeFiles/ADC_DisplayC.dir/C_/Users/ppscarvalho/.pico-sdk/sdk/2.1.0/lib/tinyusb/src/portable/raspberrypi/rp2040/dcd_rp2040.c.obj
 .bss.lazy_vsnprintf
                0x20002758        0x4 CMakeFiles/ADC_DisplayC.dir/C_/Users/ppscarvalho/.pico-sdk/sdk/2.1.0/src/rp2_common/pico_printf/printf.c.obj
 .bss.load_value
                0x2000275c        0x4 CMakeFiles/ADC_DisplayC.dir/C_/Users/ppscarvalho/.pico-sdk/sdk/2.1.0/src/rp2_common/hardware_watchdog/watchdog.c.obj
 .bss.next_buffer_ptr
                0x20002760        0x4 CMakeFiles/ADC_DisplayC.dir/C_/Users/ppscarvalho/.pico-sdk/sdk/2.1.0/lib/tinyusb/src/portable/raspberrypi/rp2040/dcd_rp2040.c.obj
 .bss.object.0  0x20002764       0x18 C:/Users/ppscarvalho/.pico-sdk/toolchain/13_3_Rel1/bin/../lib/gcc/arm-none-eabi/13.3.1/thumb/v6-m/nofp/crtbegin.o
 .bss.one_shot_timer_crit_sec
                0x2000277c        0x8 CMakeFiles/ADC_DisplayC.dir/C_/Users/ppscarvalho/.pico-sdk/sdk/2.1.0/src/rp2_common/pico_stdio_usb/stdio_usb.c.obj
 .bss.pools     0x20002784       0x10 CMakeFiles/ADC_DisplayC.dir/C_/Users/ppscarvalho/.pico-sdk/sdk/2.1.0/src/common/pico_time/time.c.obj
 .bss.retrieved_id
                0x20002794        0x8 CMakeFiles/ADC_DisplayC.dir/C_/Users/ppscarvalho/.pico-sdk/sdk/2.1.0/src/rp2_common/pico_unique_id/unique_id.c.obj
 .bss.sf_clz_func
                0x2000279c        0x4 CMakeFiles/ADC_DisplayC.dir/C_/Users/ppscarvalho/.pico-sdk/sdk/2.1.0/src/rp2_common/pico_double/double_init_rom_rp2040.c.obj
                0x2000279c                sf_clz_func
 .bss.sleep_notifier
                0x200027a0        0x4 CMakeFiles/ADC_DisplayC.dir/C_/Users/ppscarvalho/.pico-sdk/sdk/2.1.0/src/common/pico_time/time.c.obj
 .bss.stdio_usb_mutex
                0x200027a4        0x8 CMakeFiles/ADC_DisplayC.dir/C_/Users/ppscarvalho/.pico-sdk/sdk/2.1.0/src/rp2_common/pico_stdio_usb/stdio_usb.c.obj
 .bss.usbd_serial_str
                0x200027ac       0x11 CMakeFiles/ADC_DisplayC.dir/C_/Users/ppscarvalho/.pico-sdk/sdk/2.1.0/src/rp2_common/pico_stdio_usb/stdio_usb_descriptors.c.obj
 .bss._app_driver_count
                0x200027bd        0x1 CMakeFiles/ADC_DisplayC.dir/C_/Users/ppscarvalho/.pico-sdk/sdk/2.1.0/lib/tinyusb/src/device/usbd.c.obj
 .bss._sof_enable
                0x200027be        0x1 CMakeFiles/ADC_DisplayC.dir/C_/Users/ppscarvalho/.pico-sdk/sdk/2.1.0/lib/tinyusb/src/portable/raspberrypi/rp2040/dcd_rp2040.c.obj
 .bss._usbd_queued_setup
                0x200027bf        0x1 CMakeFiles/ADC_DisplayC.dir/C_/Users/ppscarvalho/.pico-sdk/sdk/2.1.0/lib/tinyusb/src/device/usbd.c.obj
 .bss.boot2_copyout_valid
                0x200027c0        0x1 CMakeFiles/ADC_DisplayC.dir/C_/Users/ppscarvalho/.pico-sdk/sdk/2.1.0/src/rp2_common/hardware_flash/flash.c.obj
 .bss.borda_alternada
                0x200027c1        0x1 CMakeFiles/ADC_DisplayC.dir/ADC_DisplayC.c.obj
                0x200027c1                borda_alternada
 .bss.irq_handler_chain_free_slot_head
                0x200027c2        0x1 CMakeFiles/ADC_DisplayC.dir/C_/Users/ppscarvalho/.pico-sdk/sdk/2.1.0/src/rp2_common/hardware_irq/irq.c.obj
 .bss.itf_num   0x200027c3        0x1 CMakeFiles/ADC_DisplayC.dir/C_/Users/ppscarvalho/.pico-sdk/sdk/2.1.0/src/rp2_common/pico_stdio_usb/reset_interface.c.obj
 .bss.led_green_state
                0x200027c4        0x1 CMakeFiles/ADC_DisplayC.dir/ADC_DisplayC.c.obj
                0x200027c4                led_green_state
 .bss.low_priority_irq_num
                0x200027c5        0x1 CMakeFiles/ADC_DisplayC.dir/C_/Users/ppscarvalho/.pico-sdk/sdk/2.1.0/src/rp2_common/pico_stdio_usb/stdio_usb.c.obj
 .bss.one_shot_timer_pending
                0x200027c6        0x1 CMakeFiles/ADC_DisplayC.dir/C_/Users/ppscarvalho/.pico-sdk/sdk/2.1.0/src/rp2_common/pico_stdio_usb/stdio_usb.c.obj
 .bss.user_irq_claimed
                0x200027c7        0x1 CMakeFiles/ADC_DisplayC.dir/C_/Users/ppscarvalho/.pico-sdk/sdk/2.1.0/src/rp2_common/hardware_irq/irq.c.obj
 *(COMMON)
                0x200027c8                        . = ALIGN (0x4)
                0x200027c8                        __bss_end__ = .

.heap           0x200027c8      0x800 load address 0x10007ab4
                0x200027c8                        __end__ = .
                0x200027c8                        end = __end__
 *(.heap*)
 .heap          0x200027c8      0x800 CMakeFiles/ADC_DisplayC.dir/C_/Users/ppscarvalho/.pico-sdk/sdk/2.1.0/src/rp2_common/pico_crt0/crt0.S.obj
                0x20040000                        __HeapLimit = (ORIGIN (RAM) + LENGTH (RAM))

.scratch_x      0x20040000        0x0 load address 0x10007ab4
                0x20040000                        __scratch_x_start__ = .
 *(.scratch_x.*)
                0x20040000                        . = ALIGN (0x4)
                0x20040000                        __scratch_x_end__ = .
                0x10007ab4                        __scratch_x_source__ = LOADADDR (.scratch_x)

.scratch_y      0x20041000        0x0 load address 0x10007ab4
                0x20041000                        __scratch_y_start__ = .
 *(.scratch_y.*)
                0x20041000                        . = ALIGN (0x4)
                0x20041000                        __scratch_y_end__ = .
                0x10007ab4                        __scratch_y_source__ = LOADADDR (.scratch_y)

.stack1_dummy
 *(.stack1*)

.stack_dummy    0x20041000      0x800
 *(.stack*)
 .stack         0x20041000      0x800 CMakeFiles/ADC_DisplayC.dir/C_/Users/ppscarvalho/.pico-sdk/sdk/2.1.0/src/rp2_common/pico_crt0/crt0.S.obj

.flash_end      0x10007ab4        0x0
 *(.embedded_end_block*)
                0x10007ab4                        PROVIDE (__flash_binary_end = .)
                0x20040000                        __StackLimit = (ORIGIN (RAM) + LENGTH (RAM))
                0x20041000                        __StackOneTop = (ORIGIN (SCRATCH_X) + LENGTH (SCRATCH_X))
                0x20042000                        __StackTop = (ORIGIN (SCRATCH_Y) + LENGTH (SCRATCH_Y))
                0x20041000                        __StackOneBottom = (__StackOneTop - SIZEOF (.stack1_dummy))
                0x20041800                        __StackBottom = (__StackTop - SIZEOF (.stack_dummy))
                0x20042000                        PROVIDE (__stack = __StackTop)
                [!provide]                        PROVIDE (__heap_start = __end__)
                [!provide]                        PROVIDE (__heap_end = __HeapLimit)
                [!provide]                        PROVIDE (__tls_align = MAX (ALIGNOF (.tdata), ALIGNOF (.tbss)))
                [!provide]                        PROVIDE (__tls_size_align = (((__tls_size + __tls_align) - 0x1) & ~ ((__tls_align - 0x1))))
                [!provide]                        PROVIDE (__arm32_tls_tcb_offset = MAX (0x8, __tls_align))
                [!provide]                        PROVIDE (_end = __end__)
                [!provide]                        PROVIDE (__llvm_libc_heap_limit = __HeapLimit)
                0x00000001                        ASSERT ((__StackLimit >= __HeapLimit), region RAM overflowed)
                0x00000001                        ASSERT (((__binary_info_header_end - __logical_binary_start) <= 0x100), Binary info must be in first 256 bytes of the binary)
LOAD CMakeFiles/ADC_DisplayC.dir/ADC_DisplayC.c.obj
LOAD CMakeFiles/ADC_DisplayC.dir/lib/ssd1306.c.obj
LOAD CMakeFiles/ADC_DisplayC.dir/C_/Users/ppscarvalho/.pico-sdk/sdk/2.1.0/src/rp2_common/pico_stdlib/stdlib.c.obj